2025-08-17 09:29:58 Arduino IDE 2.3.6
2025-08-17 09:29:58 Checking for frontend application configuration customizations. Module path: /nix/store/2d5i1bzbqbnl4rgnhk8czrw5zmqqjdzv-arduino-ide-2.3.6-extracted/resources/app/lib/backend/electron-main.js, destination 'package.json': /nix/store/2d5i1bzbqbnl4rgnhk8czrw5zmqqjdzv-arduino-ide-2.3.6-extracted/resources/app/package.json
2025-08-17 09:29:58 Setting 'theia.frontend.config.appVersion' application configuration value to: "2.3.6" (type of string)
2025-08-17 09:29:58 Setting 'theia.frontend.config.cliVersion' application configuration value to: "1.2.0" (type of string)
2025-08-17 09:29:58 Setting 'theia.frontend.config.buildDate' application configuration value to: "2025-04-09T11:24:04.835Z" (type of string)
2025-08-17 09:29:58 Frontend application configuration after modifications: {"applicationName":"Arduino IDE","defaultTheme":{"light":"arduino-theme","dark":"arduino-theme-dark"},"defaultIconTheme":"none","electron":{"windowOptions":{},"showWindowEarly":true,"splashScreenOptions":{},"uriScheme":"arduino-ide"},"defaultLocale":"","validatePreferencesSchema":false,"reloadOnReconnect":true,"uriScheme":"theia","preferences":{"window.title":"${rootName}${activeEditorShort}${appName}","files.autoSave":"afterDelay","editor.minimap.enabled":false,"editor.tabSize":2,"editor.scrollBeyondLastLine":false,"editor.quickSuggestions":{"other":false,"comments":false,"strings":false},"editor.maxTokenizationLineLength":500,"editor.bracketPairColorization.enabled":false,"breadcrumbs.enabled":false,"workbench.tree.renderIndentGuides":"none","explorer.compactFolders":false},"appVersion":"2.3.6","cliVersion":"1.2.0","buildDate":"2025-04-09T11:24:04.835Z"}
2025-08-17 09:29:58 Starting backend process. PID: 5094
2025-08-17 09:29:58 Showing main window early
2025-08-17 09:29:59 Using browser-only version of superagent in non-browser environment
2025-08-17 09:29:59 Configuration directory URI: 'file:///home/aaron/.arduinoIDE'
2025-08-17 09:29:59 Configuring to accept webviews on '^.+\.webview\..+$' hostname.
2025-08-17 09:29:59 2025-08-17T16:29:59.425Z root INFO Backend u.initialize: 38.2 ms [Finished 0.743 s after backend start]
2025-08-17 09:29:59 2025-08-17T16:29:59.428Z root INFO Backend Object.initialize: 36.2 ms [Finished 0.743 s after backend start]
2025-08-17 09:29:59 2025-08-17T16:29:59.428Z root INFO Backend a.initialize: 1.6 ms [Finished 0.743 s after backend start]
2025-08-17 09:29:59 2025-08-17T16:29:59.428Z root INFO Backend a.initialize: 1.2 ms [Finished 0.743 s after backend start]
2025-08-17 09:29:59 2025-08-17T16:29:59.428Z root INFO Backend u.initialize: 1.7 ms [Finished 0.744 s after backend start]
2025-08-17 09:29:59 2025-08-17T16:29:59.431Z root INFO Backend l.initialize: 38.2 ms [Finished 0.745 s after backend start]
2025-08-17 09:29:59 2025-08-17T16:29:59.440Z root INFO configured all backend app contributions
2025-08-17 09:29:59 2025-08-17T16:29:59.440Z root INFO Backend l.onStart: 1.4 ms [Finished 0.760 s after backend start]
2025-08-17 09:29:59 2025-08-17T16:29:59.440Z root INFO Backend d.onStart: 0.1 ms [Finished 0.760 s after backend start]
2025-08-17 09:29:59 2025-08-17T16:29:59.441Z root INFO Backend a.onStart: 0.3 ms [Finished 0.760 s after backend start]
2025-08-17 09:29:59 2025-08-17T16:29:59.441Z config INFO >>> Initializing CLI configuration...
2025-08-17 09:29:59 2025-08-17T16:29:59.441Z root INFO Backend x.onStart: 0.3 ms [Finished 0.761 s after backend start]
2025-08-17 09:29:59 2025-08-17T16:29:59.441Z config INFO Loading CLI configuration from /home/aaron/.arduinoIDE/arduino-cli.yaml...
2025-08-17 09:29:59 2025-08-17T16:29:59.441Z daemon INFO Starting daemon from /nix/store/2d5i1bzbqbnl4rgnhk8czrw5zmqqjdzv-arduino-ide-2.3.6-extracted/resources/app/lib/backend/resources/arduino-cli...
2025-08-17 09:29:59 2025-08-17T16:29:59.441Z root INFO Backend w.onStart: 0.4 ms [Finished 0.761 s after backend start]
2025-08-17 09:29:59 2025-08-17T16:29:59.441Z discovery-log INFO start
2025-08-17 09:29:59 2025-08-17T16:29:59.442Z discovery-log INFO start new deferred
2025-08-17 09:29:59 2025-08-17T16:29:59.442Z root INFO Backend v.onStart: 0.2 ms [Finished 0.762 s after backend start]
2025-08-17 09:29:59 2025-08-17T16:29:59.442Z root INFO Backend a.onStart: 0.1 ms [Finished 0.762 s after backend start]
2025-08-17 09:29:59 2025-08-17T16:29:59.446Z root INFO Theia app listening on http://127.0.0.1:34855.
2025-08-17 09:29:59 2025-08-17T16:29:59.446Z root INFO Finished starting backend application: 4.1 ms [Finished 0.766 s after backend start]
2025-08-17 09:29:59 Error: node-loader:
Error: libxkbfile.so.1: cannot open shared object file: No such file or directory
    at 95585 (/nix/store/2d5i1bzbqbnl4rgnhk8czrw5zmqqjdzv-arduino-ide-2.3.6-extracted/resources/app/lib/backend/electron-main.js:8:1529780)
    at __webpack_require__ (/nix/store/2d5i1bzbqbnl4rgnhk8czrw5zmqqjdzv-arduino-ide-2.3.6-extracted/resources/app/lib/backend/electron-main.js:8:1985382)
    at o._init (/nix/store/2d5i1bzbqbnl4rgnhk8czrw5zmqqjdzv-arduino-ide-2.3.6-extracted/resources/app/lib/backend/electron-main.js:5:1319254)
    at o.onDidChangeKeyboardLayout (/nix/store/2d5i1bzbqbnl4rgnhk8czrw5zmqqjdzv-arduino-ide-2.3.6-extracted/resources/app/lib/backend/electron-main.js:5:1319604)
    at t.onDidChangeKeyboardLayout (/nix/store/2d5i1bzbqbnl4rgnhk8czrw5zmqqjdzv-arduino-ide-2.3.6-extracted/resources/app/lib/backend/electron-main.js:5:1319982)
    at a.onStart (/nix/store/2d5i1bzbqbnl4rgnhk8czrw5zmqqjdzv-arduino-ide-2.3.6-extracted/resources/app/lib/backend/electron-main.js:2:205197)
    at A.startContributions (/nix/store/2d5i1bzbqbnl4rgnhk8czrw5zmqqjdzv-arduino-ide-2.3.6-extracted/resources/app/lib/backend/electron-main.js:8:1599586)
    at Object.handler (/nix/store/2d5i1bzbqbnl4rgnhk8czrw5zmqqjdzv-arduino-ide-2.3.6-extracted/resources/app/lib/backend/electron-main.js:2:1217714)
    at process.processTicksAndRejections (node:internal/process/task_queues:95:5)
2025-08-17 09:29:59 Restoring workspace roots: /home/aaron/projects/esp32_ble/master,/home/aaron/projects/esp32_ble/slave
2025-08-17 09:29:59 2025-08-17T16:29:59.447Z root WARN The local plugin referenced by local-dir:/home/aaron/.arduinoIDE/plugins does not exist.
2025-08-17 09:29:59 2025-08-17T16:29:59.447Z root WARN The local plugin referenced by local-dir:/home/aaron/.arduinoIDE/deployedPlugins does not exist.
2025-08-17 09:29:59 2025-08-17T16:29:59.451Z config INFO Loaded CLI configuration: {"board_manager":{"additional_urls":["https://raw.githubusercontent.com/espressif/arduino-esp32/gh-pages/package_esp32_index.json"]},"directories":{"builtin":{"libraries":"/home/aaron/.arduino15/libraries"},"data":"/home/aaron/.arduino15","user":"/home/aaron/Arduino"},"locale":"en"}
2025-08-17 09:29:59 2025-08-17T16:29:59.451Z config INFO 'directories.data' and 'directories.user' are set in the CLI configuration model.
2025-08-17 09:29:59 2025-08-17T16:29:59.451Z config INFO Loaded the CLI configuration.
2025-08-17 09:29:59 2025-08-17T16:29:59.462Z config INFO Mapped the CLI configuration: {"dataDirUri":"file:///home/aaron/.arduino15","sketchDirUri":"file:///home/aaron/Arduino","additionalUrls":["https://raw.githubusercontent.com/espressif/arduino-esp32/gh-pages/package_esp32_index.json"],"network":"none","locale":"en"}
2025-08-17 09:29:59 2025-08-17T16:29:59.462Z config INFO Validating the CLI configuration...
2025-08-17 09:29:59 2025-08-17T16:29:59.463Z config INFO The CLI config is valid.
2025-08-17 09:29:59 2025-08-17T16:29:59.463Z config INFO <<< Initialized the CLI configuration.
2025-08-17 09:29:59 isTempSketch: false. Input was /home/aaron/projects/esp32_ble/master/master.ino
2025-08-17 09:29:59 isTempSketch: false. Input was /home/aaron/projects/esp32_ble/slave/slave.ino
2025-08-17 09:29:59 2025-08-17T16:29:59.498Z root INFO Resolve plugins list: 54.8 ms [Finished 0.818 s after backend start]
2025-08-17 09:29:59 2025-08-17T16:29:59.611Z daemon INFO time="2025-08-17T09:29:59-07:00" level=info msg="arduino-cli version 1.2.0"
2025-08-17 09:29:59 2025-08-17T16:29:59.612Z daemon INFO time="2025-08-17T09:29:59-07:00" level=info msg="Using config file: /home/aaron/.arduinoIDE/arduino-cli.yaml"
time="2025-08-17T09:29:59-07:00" level=info msg="Executing `arduino-cli daemon`"
2025-08-17 09:29:59 2025-08-17T16:29:59.644Z daemon INFO Daemon is now listening on 127.0.0.1:44693
{"IP":"127.0.0.1","Port":"44693"}
2025-08-17 09:29:59 2025-08-17T16:29:59.644Z daemon INFO Daemon is running.
2025-08-17 09:29:59 2025-08-17T16:29:59.732Z daemon INFO time="2025-08-17T09:29:59-07:00" level=info msg="Checking signature" index=/home/aaron/.arduino15/package_index.json signatureFile=/home/aaron/.arduino15/package_index.json.sig trusted=true
2025-08-17 09:29:59 2025-08-17T16:29:59.750Z daemon INFO time="2025-08-17T09:29:59-07:00" level=info msg="Missing signature file" index=/home/aaron/.arduino15/package_esp32_index.json
time="2025-08-17T09:29:59-07:00" level=info msg="Loading hardware from: /home/aaron/.arduino15/packages"
time="2025-08-17T09:29:59-07:00" level=info msg="Loading package arduino from: /home/aaron/.arduino15/packages/arduino/hardware"
time="2025-08-17T09:29:59-07:00" level=info msg="Missing signature file" index=/home/aaron/.arduino15/packages/arduino/hardware/avr/1.8.6/installed.json
time="2025-08-17T09:29:59-07:00" level=info msg="Adding monitor tool" protocol=serial tool="builtin:serial-monitor"
time="2025-08-17T09:29:59-07:00" level=info msg="Loaded platform" platform="arduino:avr@1.8.6"
time="2025-08-17T09:29:59-07:00" level=info msg="Checking existence of 'tools' path: /home/aaron/.arduino15/packages/arduino/tools"
time="2025-08-17T09:29:59-07:00" level=info msg="Loading tools from dir: /home/aaron/.arduino15/packages/arduino/tools"
time="2025-08-17T09:29:59-07:00" level=info msg="Loaded tool" tool="arduino:arduinoOTA@1.3.0"
time="2025-08-17T09:29:59-07:00" level=info msg="Loaded tool" tool="arduino:avr-gcc@7.3.0-atmel3.6.1-arduino7"
2025-08-17 09:29:59 2025-08-17T16:29:59.750Z daemon INFO time="2025-08-17T09:29:59-07:00" level=info msg="Loaded tool" tool="arduino:avrdude@6.3.0-arduino17"
2025-08-17 09:29:59 2025-08-17T16:29:59.750Z daemon INFO time="2025-08-17T09:29:59-07:00" level=info msg="Loaded tool" tool="arduino:dfu-util@0.11.0-arduino5"
2025-08-17 09:29:59 2025-08-17T16:29:59.754Z daemon INFO time="2025-08-17T09:29:59-07:00" level=info msg="Loading package builtin from: /home/aaron/.arduino15/packages/builtin"
time="2025-08-17T09:29:59-07:00" level=info msg="Checking existence of 'tools' path: /home/aaron/.arduino15/packages/builtin/tools"
time="2025-08-17T09:29:59-07:00" level=info msg="Loading tools from dir: /home/aaron/.arduino15/packages/builtin/tools"
time="2025-08-17T09:29:59-07:00" level=info msg="Loaded tool" tool="builtin:ctags@5.8-arduino11"
time="2025-08-17T09:29:59-07:00" level=info msg="Loaded tool" tool="builtin:dfu-discovery@0.1.2"
time="2025-08-17T09:29:59-07:00" level=info msg="Loaded tool" tool="builtin:mdns-discovery@1.0.9"
time="2025-08-17T09:29:59-07:00" level=info msg="Loaded tool" tool="builtin:serial-discovery@1.4.1"
time="2025-08-17T09:29:59-07:00" level=info msg="Loaded tool" tool="builtin:serial-monitor@0.15.0"
time="2025-08-17T09:29:59-07:00" level=info msg="Loading package esp32 from: /home/aaron/.arduino15/packages/esp32/hardware"
2025-08-17 09:29:59 2025-08-17T16:29:59.756Z daemon INFO time="2025-08-17T09:29:59-07:00" level=info msg="Missing signature file" index=/home/aaron/.arduino15/packages/esp32/hardware/esp32/3.3.0/installed.json
2025-08-17 09:29:59 2025-08-17T16:29:59.961Z daemon INFO time="2025-08-17T09:29:59-07:00" level=info msg="Adding monitor tool" protocol=serial tool="builtin:serial-monitor"
time="2025-08-17T09:29:59-07:00" level=info msg="Loaded platform" platform="esp32:esp32@3.3.0"
time="2025-08-17T09:29:59-07:00" level=info msg="Checking existence of 'tools' path: /home/aaron/.arduino15/packages/esp32/tools"
time="2025-08-17T09:29:59-07:00" level=info msg="Loading tools from dir: /home/aaron/.arduino15/packages/esp32/tools"
2025-08-17 09:29:59 2025-08-17T16:29:59.966Z daemon INFO time="2025-08-17T09:29:59-07:00" level=info msg="Loaded tool" tool="esp32:esp-rv32@2411"
time="2025-08-17T09:29:59-07:00" level=info msg="Loaded tool" tool="esp32:esp-x32@2411"
time="2025-08-17T09:29:59-07:00" level=info msg="Loaded tool" tool="esp32:esp32-arduino-libs@idf-release_v5.5-b66b5448-v1"
time="2025-08-17T09:29:59-07:00" level=info msg="Loaded tool" tool="esp32:esptool_py@5.0.0"
time="2025-08-17T09:29:59-07:00" level=info msg="Loaded tool" tool="esp32:mklittlefs@3.0.0-gnu12-dc7f933"
time="2025-08-17T09:29:59-07:00" level=info msg="Loaded tool" tool="esp32:mkspiffs@0.2.3"
time="2025-08-17T09:29:59-07:00" level=info msg="Loaded tool" tool="esp32:openocd-esp32@v0.12.0-esp32-20250422"
time="2025-08-17T09:29:59-07:00" level=info msg="Loaded tool" tool="esp32:riscv32-esp-elf-gdb@16.2_20250324"
time="2025-08-17T09:29:59-07:00" level=info msg="Loaded tool" tool="esp32:xtensa-esp-elf-gdb@16.2_20250324"
2025-08-17 09:29:59 2025-08-17T16:29:59.968Z daemon INFO time="2025-08-17T09:29:59-07:00" level=info msg="Adding libraries dir" dir=/home/aaron/.arduino15/packages/arduino/hardware/avr/1.8.6/libraries isSingleLibrary=false location=platform
2025-08-17 09:29:59 2025-08-17T16:29:59.968Z daemon INFO time="2025-08-17T09:29:59-07:00" level=info msg="Adding libraries dir" dir=/home/aaron/.arduino15/packages/esp32/hardware/esp32/3.3.0/libraries isSingleLibrary=false location=platform
time="2025-08-17T09:29:59-07:00" level=info msg="Loading libraries index file" index=/home/aaron/.arduino15/library_index.json
2025-08-17 09:30:00 2025-08-17T16:30:00.358Z root INFO Deploy plugins list: 915.6 ms [Finished 1.679 s after backend start]
2025-08-17 09:30:00 2025-08-17T16:30:00.478Z daemon INFO time="2025-08-17T09:30:00-07:00" level=info msg="Adding libraries dir" dir=/home/aaron/.arduino15/libraries isSingleLibrary=false location=ide
time="2025-08-17T09:30:00-07:00" level=info msg="Adding libraries dir" dir=/home/aaron/Arduino/libraries isSingleLibrary=false location=user
2025-08-17 09:30:00 2025-08-17T16:30:00.529Z root INFO creating connection for 1
2025-08-17 09:30:00 2025-08-17T16:30:00.542Z root INFO creating connection for 2
2025-08-17 09:30:00 2025-08-17T16:30:00.726Z daemon INFO time="2025-08-17T09:30:00-07:00" level=warning msg="Error loading library" error="rpc error: code = Internal desc = loading library from /home/aaron/Arduino/libraries/SoftSerialTest: invalid library: no header files found"
2025-08-17 09:30:00 2025-08-17T16:30:00.736Z discovery-log INFO start resolved watching
2025-08-17 09:30:00 2025-08-17T16:30:00.766Z discovery-log INFO {"eventType":"add","port":{"matchingBoardsList":[],"port":{"address":"/dev/ttyS0","label":"/dev/ttyS0","protocol":"serial","protocolLabel":"Serial Port","propertiesMap":[],"hardwareId":""}},"error":""}
2025-08-17 09:30:01 2025-08-17T16:30:01.638Z root ERROR Error: node-loader:
Error: libxkbfile.so.1: cannot open shared object file: No such file or directory
    at 95585 (/nix/store/2d5i1bzbqbnl4rgnhk8czrw5zmqqjdzv-arduino-ide-2.3.6-extracted/resources/app/lib/backend/main.js:2:6468723)
    at __webpack_require__ (/nix/store/2d5i1bzbqbnl4rgnhk8czrw5zmqqjdzv-arduino-ide-2.3.6-extracted/resources/app/lib/backend/main.js:2:7034640)
    at r._init (/nix/store/2d5i1bzbqbnl4rgnhk8czrw5zmqqjdzv-arduino-ide-2.3.6-extracted/resources/app/lib/backend/main.js:2:4537535)
    at r.getCurrentKeyboardLayout (/nix/store/2d5i1bzbqbnl4rgnhk8czrw5zmqqjdzv-arduino-ide-2.3.6-extracted/resources/app/lib/backend/main.js:2:4537734)
    at t.getCurrentKeyboardLayout (/nix/store/2d5i1bzbqbnl4rgnhk8czrw5zmqqjdzv-arduino-ide-2.3.6-extracted/resources/app/lib/backend/main.js:2:4538141)
    at s.getNativeLayoutSync (/nix/store/2d5i1bzbqbnl4rgnhk8czrw5zmqqjdzv-arduino-ide-2.3.6-extracted/resources/app/lib/backend/main.js:2:1830040)
    at s.getNativeLayout (/nix/store/2d5i1bzbqbnl4rgnhk8czrw5zmqqjdzv-arduino-ide-2.3.6-extracted/resources/app/lib/backend/main.js:2:1829981)
    at u.onRequest (/nix/store/2d5i1bzbqbnl4rgnhk8czrw5zmqqjdzv-arduino-ide-2.3.6-extracted/resources/app/lib/backend/main.js:2:4942964)
    at c.requestHandler (/nix/store/2d5i1bzbqbnl4rgnhk8czrw5zmqqjdzv-arduino-ide-2.3.6-extracted/resources/app/lib/backend/main.js:2:4942783)
    at c.handleRequest (/nix/store/2d5i1bzbqbnl4rgnhk8czrw5zmqqjdzv-arduino-ide-2.3.6-extracted/resources/app/lib/backend/main.js:2:524486)
2025-08-17 09:30:01 2025-08-17T16:30:01.638Z root ERROR TypeError: Cannot read properties of null (reading 'getKeyMap')
    at r.getKeyMap (/nix/store/2d5i1bzbqbnl4rgnhk8czrw5zmqqjdzv-arduino-ide-2.3.6-extracted/resources/app/lib/backend/main.js:2:4537620)
    at t.getKeyMap (/nix/store/2d5i1bzbqbnl4rgnhk8czrw5zmqqjdzv-arduino-ide-2.3.6-extracted/resources/app/lib/backend/main.js:2:4538201)
    at s.getNativeLayoutSync (/nix/store/2d5i1bzbqbnl4rgnhk8czrw5zmqqjdzv-arduino-ide-2.3.6-extracted/resources/app/lib/backend/main.js:2:1830077)
    at s.getNativeLayout (/nix/store/2d5i1bzbqbnl4rgnhk8czrw5zmqqjdzv-arduino-ide-2.3.6-extracted/resources/app/lib/backend/main.js:2:1829981)
    at u.onRequest (/nix/store/2d5i1bzbqbnl4rgnhk8czrw5zmqqjdzv-arduino-ide-2.3.6-extracted/resources/app/lib/backend/main.js:2:4942964)
    at c.requestHandler (/nix/store/2d5i1bzbqbnl4rgnhk8czrw5zmqqjdzv-arduino-ide-2.3.6-extracted/resources/app/lib/backend/main.js:2:4942783)
    at c.handleRequest (/nix/store/2d5i1bzbqbnl4rgnhk8czrw5zmqqjdzv-arduino-ide-2.3.6-extracted/resources/app/lib/backend/main.js:2:524486)
    at c.handleMessage (/nix/store/2d5i1bzbqbnl4rgnhk8czrw5zmqqjdzv-arduino-ide-2.3.6-extracted/resources/app/lib/backend/main.js:2:522388)
    at /nix/store/2d5i1bzbqbnl4rgnhk8czrw5zmqqjdzv-arduino-ide-2.3.6-extracted/resources/app/lib/backend/main.js:2:522022
    at /nix/store/2d5i1bzbqbnl4rgnhk8czrw5zmqqjdzv-arduino-ide-2.3.6-extracted/resources/app/lib/backend/main.js:2:6419737
2025-08-17 09:30:01 2025-08-17T16:30:01.639Z root WARN A command editor.action.toggleStickyScroll is already registered.
2025-08-17 09:30:01 2025-08-17T16:30:01.649Z root ERROR TypeError: Cannot read properties of null (reading 'getCurrentKeyboardLayout')
    at r.getCurrentKeyboardLayout (/nix/store/2d5i1bzbqbnl4rgnhk8czrw5zmqqjdzv-arduino-ide-2.3.6-extracted/resources/app/lib/backend/main.js:2:4537759)
    at t.getCurrentKeyboardLayout (/nix/store/2d5i1bzbqbnl4rgnhk8czrw5zmqqjdzv-arduino-ide-2.3.6-extracted/resources/app/lib/backend/main.js:2:4538141)
    at s.getNativeLayoutSync (/nix/store/2d5i1bzbqbnl4rgnhk8czrw5zmqqjdzv-arduino-ide-2.3.6-extracted/resources/app/lib/backend/main.js:2:1830040)
    at s.getNativeLayout (/nix/store/2d5i1bzbqbnl4rgnhk8czrw5zmqqjdzv-arduino-ide-2.3.6-extracted/resources/app/lib/backend/main.js:2:1829981)
    at u.onRequest (/nix/store/2d5i1bzbqbnl4rgnhk8czrw5zmqqjdzv-arduino-ide-2.3.6-extracted/resources/app/lib/backend/main.js:2:4942964)
    at c.requestHandler (/nix/store/2d5i1bzbqbnl4rgnhk8czrw5zmqqjdzv-arduino-ide-2.3.6-extracted/resources/app/lib/backend/main.js:2:4942783)
    at c.handleRequest (/nix/store/2d5i1bzbqbnl4rgnhk8czrw5zmqqjdzv-arduino-ide-2.3.6-extracted/resources/app/lib/backend/main.js:2:524486)
    at c.handleMessage (/nix/store/2d5i1bzbqbnl4rgnhk8czrw5zmqqjdzv-arduino-ide-2.3.6-extracted/resources/app/lib/backend/main.js:2:522388)
    at /nix/store/2d5i1bzbqbnl4rgnhk8czrw5zmqqjdzv-arduino-ide-2.3.6-extracted/resources/app/lib/backend/main.js:2:522022
    at /nix/store/2d5i1bzbqbnl4rgnhk8czrw5zmqqjdzv-arduino-ide-2.3.6-extracted/resources/app/lib/backend/main.js:2:6419737
2025-08-17 09:30:01 2025-08-17T16:30:01.649Z root ERROR TypeError: Cannot read properties of null (reading 'getKeyMap')
    at r.getKeyMap (/nix/store/2d5i1bzbqbnl4rgnhk8czrw5zmqqjdzv-arduino-ide-2.3.6-extracted/resources/app/lib/backend/main.js:2:4537620)
    at t.getKeyMap (/nix/store/2d5i1bzbqbnl4rgnhk8czrw5zmqqjdzv-arduino-ide-2.3.6-extracted/resources/app/lib/backend/main.js:2:4538201)
    at s.getNativeLayoutSync (/nix/store/2d5i1bzbqbnl4rgnhk8czrw5zmqqjdzv-arduino-ide-2.3.6-extracted/resources/app/lib/backend/main.js:2:1830077)
    at s.getNativeLayout (/nix/store/2d5i1bzbqbnl4rgnhk8czrw5zmqqjdzv-arduino-ide-2.3.6-extracted/resources/app/lib/backend/main.js:2:1829981)
    at u.onRequest (/nix/store/2d5i1bzbqbnl4rgnhk8czrw5zmqqjdzv-arduino-ide-2.3.6-extracted/resources/app/lib/backend/main.js:2:4942964)
    at c.requestHandler (/nix/store/2d5i1bzbqbnl4rgnhk8czrw5zmqqjdzv-arduino-ide-2.3.6-extracted/resources/app/lib/backend/main.js:2:4942783)
    at c.handleRequest (/nix/store/2d5i1bzbqbnl4rgnhk8czrw5zmqqjdzv-arduino-ide-2.3.6-extracted/resources/app/lib/backend/main.js:2:524486)
    at c.handleMessage (/nix/store/2d5i1bzbqbnl4rgnhk8czrw5zmqqjdzv-arduino-ide-2.3.6-extracted/resources/app/lib/backend/main.js:2:522388)
    at /nix/store/2d5i1bzbqbnl4rgnhk8czrw5zmqqjdzv-arduino-ide-2.3.6-extracted/resources/app/lib/backend/main.js:2:522022
    at /nix/store/2d5i1bzbqbnl4rgnhk8czrw5zmqqjdzv-arduino-ide-2.3.6-extracted/resources/app/lib/backend/main.js:2:6419737
2025-08-17 09:30:01 2025-08-17T16:30:01.650Z root WARN A command editor.action.toggleStickyScroll is already registered.
2025-08-17 09:30:01 2025-08-17T16:30:01.677Z sketches-service WARN Warning! The request sketch path was different than the response sketch path from the CLI. This could be a potential bug. Request: </home/aaron/projects/esp32_ble/slave/slave.ino>, response: </home/aaron/projects/esp32_ble/slave>.
2025-08-17 09:30:01 2025-08-17T16:30:01.679Z sketches-service WARN Warning! The request sketch path was different than the response sketch path from the CLI. This could be a potential bug. Request: </home/aaron/projects/esp32_ble/master/master.ino>, response: </home/aaron/projects/esp32_ble/master>.
2025-08-17 09:30:01 Opening channel for service path '/services/electron-window'.
2025-08-17 09:30:01 Opening channel for service path '/services/ide-updater'.
2025-08-17 09:30:01 Opening channel for service path '/services/electron-window'.
2025-08-17 09:30:01 Opening channel for service path '/services/ide-updater'.
2025-08-17 09:30:01 2025-08-17T16:30:01.774Z root INFO Start frontend contributions: 314.0 ms [Finished 2.284 s after frontend start]
2025-08-17 09:30:01 2025-08-17T16:30:01.774Z root INFO Changed application state from 'init' to 'started_contributions'.
2025-08-17 09:30:01 2025-08-17T16:30:01.775Z root INFO Start frontend contributions: 338.1 ms [Finished 2.237 s after frontend start]
2025-08-17 09:30:01 2025-08-17T16:30:01.775Z root INFO Changed application state from 'init' to 'started_contributions'.
2025-08-17 09:30:01 2025-08-17T16:30:01.778Z root INFO Changed application state from 'started_contributions' to 'attached_shell'.
2025-08-17 09:30:01 2025-08-17T16:30:01.778Z root INFO >>> Restoring the layout state...
2025-08-17 09:30:01 2025-08-17T16:30:01.780Z root INFO Changed application state from 'started_contributions' to 'attached_shell'.
2025-08-17 09:30:01 2025-08-17T16:30:01.780Z root INFO >>> Restoring the layout state...
2025-08-17 09:30:01 2025-08-17T16:30:01.825Z root INFO [588c4a4f-7c1d-4b94-a0fc-1772166f3662] Waiting for backend deployment: 73.2 ms [Finished 2.350 s after frontend start]
2025-08-17 09:30:01 2025-08-17T16:30:01.835Z root INFO [df61dc80-a52c-44f2-8dc1-baf108ddd578] Waiting for backend deployment: 74.5 ms [Finished 2.306 s after frontend start]
2025-08-17 09:30:02 2025-08-17T16:30:02.224Z root INFO [hosted-plugin: 5313] PLUGIN_HOST(5313) starting instance
[Object: null prototype] {}
2025-08-17 09:30:02 2025-08-17T16:30:02.224Z root INFO [hosted-plugin: 5315] PLUGIN_HOST(5315) starting instance
[Object: null prototype] {}
2025-08-17 09:30:03 isTempSketch: false. Input was /home/aaron/projects/esp32_ble/master
2025-08-17 09:30:03 Marking workspace as a closed sketch. Workspace URI: file:///home/aaron/projects/esp32_ble/master. Date: 1755448203138.
2025-08-17 09:30:03 Closing channel on service path '/services/electron-window'.
2025-08-17 09:30:03 Closing channel on service path '/services/ide-updater'.
2025-08-17 09:30:03 2025-08-17T16:30:03.189Z root INFO socked closed
2025-08-17 09:30:03 2025-08-17T16:30:03.189Z root INFO closing connection for 1
2025-08-17 09:30:03 2025-08-17T16:30:03.189Z root INFO Closing channel on service path '/localization-server'.
2025-08-17 09:30:03 2025-08-17T16:30:03.189Z root INFO Closing channel on service path '/os'.
2025-08-17 09:30:03 2025-08-17T16:30:03.189Z root INFO Closing channel on service path '/services/commands'.
2025-08-17 09:30:03 2025-08-17T16:30:03.189Z root INFO Closing channel on service path '/services/keyboard'.
2025-08-17 09:30:03 2025-08-17T16:30:03.189Z root INFO Closing channel on service path '/services/logger'.
2025-08-17 09:30:03 2025-08-17T16:30:03.189Z root INFO Closing channel on service path '/services/messageService'.
2025-08-17 09:30:03 2025-08-17T16:30:03.189Z root INFO Closing channel on service path '/services/ChannelCloseService'.
2025-08-17 09:30:03 2025-08-17T16:30:03.189Z root INFO Closing channel on service path '/services/remote-filesystem'.
2025-08-17 09:30:03 2025-08-17T16:30:03.189Z root INFO Closing channel on service path '/services/envs'.
2025-08-17 09:30:03 2025-08-17T16:30:03.189Z root INFO Closing channel on service path '/services/authentication-service'.
2025-08-17 09:30:03 2025-08-17T16:30:03.189Z root INFO Closing channel on service path '/services/sketches-service'.
2025-08-17 09:30:03 2025-08-17T16:30:03.189Z root INFO Closing channel on service path '/services/config-service'.
2025-08-17 09:30:03 2025-08-17T16:30:03.189Z root INFO Closing channel on service path '/services/workspace'.
2025-08-17 09:30:03 2025-08-17T16:30:03.189Z root INFO Closing channel on service path '/services/notification-service'.
2025-08-17 09:30:03 2025-08-17T16:30:03.189Z root INFO Closing channel on service path '/services/arduino-daemon'.
2025-08-17 09:30:03 2025-08-17T16:30:03.189Z root INFO Closing channel on service path '/services/stopwatch'.
2025-08-17 09:30:03 2025-08-17T16:30:03.189Z root INFO Closing channel on service path '/services/application'.
2025-08-17 09:30:03 2025-08-17T16:30:03.189Z root INFO Closing channel on service path '/services/i18n'.
2025-08-17 09:30:03 2025-08-17T16:30:03.189Z root INFO Closing channel on service path '/services/quickInput'.
2025-08-17 09:30:03 2025-08-17T16:30:03.189Z root INFO Closing channel on service path '/services/debug'.
2025-08-17 09:30:03 2025-08-17T16:30:03.189Z root INFO Closing channel on service path '/services/shell-terminal'.
2025-08-17 09:30:03 2025-08-17T16:30:03.189Z root INFO Closing channel on service path '/services/quickPick'.
2025-08-17 09:30:03 2025-08-17T16:30:03.189Z root INFO Closing channel on service path '/services/task'.
2025-08-17 09:30:03 2025-08-17T16:30:03.189Z root INFO Closing channel on service path '/services/search'.
2025-08-17 09:30:03 2025-08-17T16:30:03.189Z root INFO Closing channel on service path '/services/hostedPlugin'.
2025-08-17 09:30:03 2025-08-17T16:30:03.189Z root INFO Closing channel on service path '/services/plugin-ext'.
2025-08-17 09:30:03 2025-08-17T16:30:03.189Z root INFO Closing channel on service path '/services/plugin-paths'.
2025-08-17 09:30:03 2025-08-17T16:30:03.189Z root INFO Closing channel on service path '/services/cli-preferences'.
2025-08-17 09:30:03 2025-08-17T16:30:03.189Z root INFO Closing channel on service path '/services/boards-service'.
2025-08-17 09:30:03 2025-08-17T16:30:03.189Z root INFO Closing channel on service path '/services/response-service'.
2025-08-17 09:30:03 2025-08-17T16:30:03.189Z root INFO Closing channel on service path '/services/file-system-ext'.
2025-08-17 09:30:03 2025-08-17T16:30:03.189Z root INFO Closing channel on service path '/services/core-service'.
2025-08-17 09:30:03 2025-08-17T16:30:03.189Z root INFO Closing channel on service path '/services/example-service'.
2025-08-17 09:30:03 2025-08-17T16:30:03.189Z root INFO Closing channel on service path '/services/library-service'.
2025-08-17 09:30:03 2025-08-17T16:30:03.189Z root INFO Closing channel on service path '/services/executable-service'.
2025-08-17 09:30:03 2025-08-17T16:30:03.190Z root INFO Closing channel on service path '/services/arduino-firmware-uploader'.
2025-08-17 09:30:03 2025-08-17T16:30:03.190Z root INFO Closing channel on service path '/services/formatter'.
2025-08-17 09:30:03 2025-08-17T16:30:03.190Z root INFO Closing channel on service path '/services/search-in-workspace'.
2025-08-17 09:30:03 2025-08-17T16:30:03.891Z root INFO [df61dc80-a52c-44f2-8dc1-baf108ddd578] Sync of 23 plugins: 2065.2 ms [Finished 4.371 s after frontend start]
2025-08-17 09:30:03 2025-08-17T16:30:03.921Z root INFO ------- SERIALIZED LAYOUT DATA -------
2025-08-17 09:30:03 2025-08-17T16:30:03.921Z root INFO {"version":5,"mainPanel":{"main":{"type":"tab-area","widgets":[{"constructionOptions":{"factoryId":"code-editor-opener","options":{"counter":0,"kind":"navigatable","uri":"file:///home/aaron/projects/esp32_ble/slave/slave.ino"}},"innerWidgetState":"{\"cursorState\":[{\"inSelectionMode\":false,\"selectionStart\":{\"lineNumber\":3,\"column\":28},\"position\":{\"lineNumber\":3,\"column\":28}}],\"viewState\":{\"scrollLeft\":0,\"firstPosition\":{\"lineNumber\":1,\"column\":1},\"firstPositionDeltaTop\":0},\"contributionsState\":{\"editor.contrib.folding\":{\"lineCount\":295,\"provider\":\"indent\",\"foldedImports\":false},\"editor.contrib.wordHighlighter\":false}}"}],"currentIndex":0}},"mainPanelPinned":[false],"bottomPanel":{"config":{"main":{"type":"tab-area","widgets":[{"constructionOptions":{"factoryId":"outputView"},"innerWidgetState":"{\"locked\":false}"},{"constructionOptions":{"factoryId":"serial-monitor"}}],"currentIndex":1}},"pinned":[false,false],"size":191,"expanded":true},"leftPanel":{"type":"sidepanel","items":[{"widget":{"constructionOptions":{"factoryId":"arduino-sketchbook-widget"}},"rank":1,"expanded":false,"pinned":false},{"widget":{"constructionOptions":{"factoryId":"boards-list-widget"}},"rank":2,"expanded":false,"pinned":false},{"widget":{"constructionOptions":{"factoryId":"library-list-widget"}},"rank":3,"expanded":false,"pinned":false},{"widget":{"constructionOptions":{"factoryId":"debug"},"innerWidgetState":"{\"parts\":[{\"partId\":\"debug:threads:-1\",\"collapsed\":false,\"hidden\":false,\"relativeSize\":1.384,\"originalContainerId\":\"debug:view-container:-1\",\"originalContainerTitle\":{\"label\":\"debug\",\"iconClass\":\"codicon codicon-debug-alt\",\"closeable\":true},\"widget\":{\"constructionOptions\":{\"factoryId\":\"debug:threads\"},\"innerWidgetState\":\"{}\"}},{\"partId\":\"debug:frames:-1\",\"collapsed\":false,\"hidden\":false,\"relativeSize\":1.384,\"originalContainerId\":\"debug:view-container:-1\",\"originalContainerTitle\":{\"label\":\"debug\",\"iconClass\":\"codicon codicon-debug-alt\",\"closeable\":true},\"widget\":{\"constructionOptions\":{\"factoryId\":\"debug:frames\"},\"innerWidgetState\":\"{}\"}},{\"partId\":\"debug:variables:-1\",\"collapsed\":false,\"hidden\":false,\"relativeSize\":1.384,\"originalContainerId\":\"debug:view-container:-1\",\"originalContainerTitle\":{\"label\":\"debug\",\"iconClass\":\"codicon codicon-debug-alt\",\"closeable\":true},\"widget\":{\"constructionOptions\":{\"factoryId\":\"debug:variables\"},\"innerWidgetState\":\"{}\"}},{\"partId\":\"debug:watch:-1\",\"collapsed\":false,\"hidden\":false,\"relativeSize\":1.384,\"originalContainerId\":\"debug:view-container:-1\",\"originalContainerTitle\":{\"label\":\"debug\",\"iconClass\":\"codicon codicon-debug-alt\",\"closeable\":true},\"widget\":{\"constructionOptions\":{\"factoryId\":\"debug:watch\"},\"innerWidgetState\":\"{}\"}},{\"partId\":\"debug:breakpoints:-1\",\"collapsed\":false,\"hidden\":false,\"relativeSize\":1.384,\"originalContainerId\":\"debug:view-container:-1\",\"originalContainerTitle\":{\"label\":\"debug\",\"iconClass\":\"codicon codicon-debug-alt\",\"closeable\":true},\"widget\":{\"constructionOptions\":{\"factoryId\":\"debug:breakpoints\"},\"innerWidgetState\":\"{}\"}},{\"partId\":\"plugin-view:cortex-debug.peripherals\",\"collapsed\":true,\"hidden\":true,\"originalContainerId\":\"debug:view-container:-1\",\"originalContainerTitle\":{\"label\":\"debug\",\"iconClass\":\"codicon codicon-debug-alt\",\"closeable\":true},\"widget\":{\"constructionOptions\":{\"factoryId\":\"plugin-view\",\"options\":{\"id\":\"plugin-view:cortex-debug.peripherals\",\"viewId\":\"cortex-debug.peripherals\"}},\"innerWidgetState\":\"{\\\"label\\\":\\\"Cortex Peripherals\\\",\\\"widgets\\\":[],\\\"suppressUpdateViewVisibility\\\":false,\\\"currentViewContainerId\\\":\\\"debug\\\"}\"}},{\"partId\":\"plugin-view:cortex-debug.registers\",\"collapsed\":true,\"hidden\":true,\"originalContainerId\":\"debug:view-container:-1\",\"originalContainerTitle\":{\"label\":\"debug\",\"iconClass\":\"codicon codicon-debug-alt\",\"closeable\":true},\"widget\":{\"constructionOptions\":{\"factoryId\":\"plugin-view\",\"options\":{\"id\":\"plugin-view:cortex-debug.registers\",\"viewId\":\"cortex-debug.registers\"}},\"innerWidgetState\":\"{\\\"label\\\":\\\"Cortex Registers\\\",\\\"widgets\\\":[],\\\"suppressUpdateViewVisibility\\\":false,\\\"currentViewContainerId\\\":\\\"debug\\\"}\"}}],\"title\":{\"label\":\"debug\",\"iconClass\":\"codicon codicon-debug-alt\",\"closeable\":true}}"},"rank":4,"expanded":false,"pinned":false},{"widget":{"constructionOptions":{"factoryId":"search-view-container"},"innerWidgetState":"{\"parts\":[{\"partId\":\"search-in-workspace\",\"collapsed\":false,\"hidden\":false,\"originalContainerId\":\"search-view-container\",\"originalContainerTitle\":{\"label\":\"Search\",\"iconClass\":\"codicon codicon-search\",\"closeable\":true},\"widget\":{\"constructionOptions\":{\"factoryId\":\"search-in-workspace\"},\"innerWidgetState\":\"{\\\"matchCaseState\\\":{\\\"className\\\":\\\"codicon codicon-case-sensitive\\\",\\\"enabled\\\":false,\\\"title\\\":\\\"Match Case\\\"},\\\"wholeWordState\\\":{\\\"className\\\":\\\"codicon codicon-whole-word\\\",\\\"enabled\\\":false,\\\"title\\\":\\\"Match Whole Word\\\"},\\\"regExpState\\\":{\\\"className\\\":\\\"codicon codicon-regex\\\",\\\"enabled\\\":false,\\\"title\\\":\\\"Use Regular Expression\\\"},\\\"includeIgnoredState\\\":{\\\"className\\\":\\\"codicon codicon-eye\\\",\\\"enabled\\\":false,\\\"title\\\":\\\"Include Ignored Files\\\"},\\\"showSearchDetails\\\":false,\\\"searchInWorkspaceOptions\\\":{\\\"matchCase\\\":false,\\\"matchWholeWord\\\":false,\\\"useRegExp\\\":false,\\\"multiline\\\":false,\\\"includeIgnored\\\":false,\\\"include\\\":[],\\\"exclude\\\":[],\\\"maxResults\\\":2000},\\\"searchTerm\\\":\\\"\\\",\\\"replaceTerm\\\":\\\"\\\",\\\"showReplaceField\\\":false,\\\"searchHistoryState\\\":{\\\"history\\\":[],\\\"index\\\":0},\\\"replaceHistoryState\\\":{\\\"history\\\":[],\\\"index\\\":0},\\\"includeHistoryState\\\":{\\\"history\\\":[],\\\"index\\\":0},\\\"excludeHistoryState\\\":{\\\"history\\\":[],\\\"index\\\":0}}\"}}],\"title\":{\"label\":\"Search\",\"iconClass\":\"fa fa-arduino-search\",\"closeable\":true}}"},"rank":5,"expanded":false,"pinned":false}],"size":268},"rightPanel":{"type":"sidepanel","items":[]}}
2025-08-17 09:30:03 2025-08-17T16:30:03.922Z root INFO ------- END SERIALIZED LAYOUT DATA -------
2025-08-17 09:30:04 2025-08-17T16:30:04.354Z root INFO <<< The layout has been successfully restored.
2025-08-17 09:30:04 2025-08-17T16:30:04.449Z root INFO Initialize the workbench layout: 2573.0 ms [Finished 4.833 s after frontend start]
2025-08-17 09:30:04 2025-08-17T16:30:04.450Z root INFO Changed application state from 'attached_shell' to 'initialized_layout'.
2025-08-17 09:30:04 2025-08-17T16:30:04.451Z root INFO [df61dc80-a52c-44f2-8dc1-baf108ddd578] Loading plugin contributions
2025-08-17 09:30:04 2025-08-17T16:30:04.451Z root INFO [df61dc80-a52c-44f2-8dc1-baf108ddd578] Load contributions of 23 plugins: 91.5 ms [Finished 4.927 s after frontend start]
2025-08-17 09:30:04 2025-08-17T16:30:04.520Z root WARN 'cpp' language is remapped from 'source.cpp.embedded.macro' to 'source.cpp' scope
2025-08-17 09:30:04 2025-08-17T16:30:04.520Z root WARN a registered grammar configuration for 'cpp' language is overridden
2025-08-17 09:30:04 2025-08-17T16:30:04.642Z root ERROR [hosted-plugin: 5315] Conflict in settings file Default: Ignoring cortex-debug.armToolchainPath.linux as cortex-debug.armToolchainPath is null
2025-08-17 09:30:04 2025-08-17T16:30:04.642Z root ERROR [hosted-plugin: 5315] Conflict in settings file Default: Ignoring cortex-debug.armToolchainPath.osx as cortex-debug.armToolchainPath is null
Conflict in settings file Default: Ignoring cortex-debug.armToolchainPath.windows as cortex-debug.armToolchainPath is null
Conflict in settings file Default: Ignoring cortex-debug.JLinkGDBServerPath.linux as cortex-debug.JLinkGDBServerPath is null
2025-08-17 09:30:04 2025-08-17T16:30:04.642Z root ERROR [hosted-plugin: 5315] Conflict in settings file Default: Ignoring cortex-debug.JLinkGDBServerPath.osx as cortex-debug.JLinkGDBServerPath is null
2025-08-17 09:30:04 2025-08-17T16:30:04.642Z root ERROR [hosted-plugin: 5315] Conflict in settings file Default: Ignoring cortex-debug.JLinkGDBServerPath.windows as cortex-debug.JLinkGDBServerPath is null
Conflict in settings file Default: Ignoring cortex-debug.openocdPath.linux as cortex-debug.openocdPath is null
2025-08-17 09:30:04 2025-08-17T16:30:04.642Z root ERROR [hosted-plugin: 5315] Conflict in settings file Default: Ignoring cortex-debug.openocdPath.osx as cortex-debug.openocdPath is null
2025-08-17 09:30:04 2025-08-17T16:30:04.642Z root ERROR [hosted-plugin: 5315] Conflict in settings file Default: Ignoring cortex-debug.openocdPath.windows as cortex-debug.openocdPath is null
2025-08-17 09:30:04 2025-08-17T16:30:04.642Z root ERROR [hosted-plugin: 5315] Conflict in settings file Default: Ignoring cortex-debug.pyocdPath.linux as cortex-debug.pyocdPath is null
Conflict in settings file Default: Ignoring cortex-debug.pyocdPath.osx as cortex-debug.pyocdPath is null
2025-08-17 09:30:04 2025-08-17T16:30:04.642Z root ERROR [hosted-plugin: 5315] Conflict in settings file Default: Ignoring cortex-debug.pyocdPath.windows as cortex-debug.pyocdPath is null
Conflict in settings file Default: Ignoring cortex-debug.PEGDBServerPath.linux as cortex-debug.PEGDBServerPath is null
2025-08-17 09:30:04 2025-08-17T16:30:04.642Z root ERROR [hosted-plugin: 5315] Conflict in settings file Default: Ignoring cortex-debug.PEGDBServerPath.osx as cortex-debug.PEGDBServerPath is null
Conflict in settings file Default: Ignoring cortex-debug.PEGDBServerPath.windows as cortex-debug.PEGDBServerPath is null
Conflict in settings file Default: Ignoring cortex-debug.stutilPath.linux as cortex-debug.stutilPath is null
2025-08-17 09:30:04 2025-08-17T16:30:04.643Z root ERROR [hosted-plugin: 5315] Conflict in settings file Default: Ignoring cortex-debug.stutilPath.osx as cortex-debug.stutilPath is null
Conflict in settings file Default: Ignoring cortex-debug.stutilPath.windows as cortex-debug.stutilPath is null
Conflict in settings file Default: Ignoring cortex-debug.stlinkPath.linux as cortex-debug.stlinkPath is null
Conflict in settings file Default: Ignoring cortex-debug.stlinkPath.osx as cortex-debug.stlinkPath is null
2025-08-17 09:30:04 2025-08-17T16:30:04.643Z root ERROR [hosted-plugin: 5315] Conflict in settings file Default: Ignoring cortex-debug.stlinkPath.windows as cortex-debug.stlinkPath is null
Conflict in settings file Default: Ignoring cortex-debug.stm32cubeprogrammer.linux as cortex-debug.stm32cubeprogrammer is null
Conflict in settings file Default: Ignoring cortex-debug.stm32cubeprogrammer.osx as cortex-debug.stm32cubeprogrammer is null
2025-08-17 09:30:04 2025-08-17T16:30:04.643Z root ERROR [hosted-plugin: 5315] Conflict in settings file Default: Ignoring cortex-debug.stm32cubeprogrammer.windows as cortex-debug.stm32cubeprogrammer is null
2025-08-17 09:30:04 2025-08-17T16:30:04.672Z root INFO [hosted-plugin: 5315] PLUGIN_HOST(5315): PluginManagerExtImpl/init()
2025-08-17 09:30:04 2025-08-17T16:30:04.676Z root INFO [hosted-plugin: 5315] PLUGIN_HOST(5315): initializing(vscode-arduino-api@0.1.2 with /nix/store/2d5i1bzbqbnl4rgnhk8czrw5zmqqjdzv-arduino-ide-2.3.6-extracted/resources/app/lib/backend/plugin-vscode-init)
2025-08-17 09:30:04 2025-08-17T16:30:04.784Z root INFO [hosted-plugin: 5315] PLUGIN_HOST(5315): initializing(json-language-features@1.88.1 with /nix/store/2d5i1bzbqbnl4rgnhk8czrw5zmqqjdzv-arduino-ide-2.3.6-extracted/resources/app/lib/backend/plugin-vscode-init)
2025-08-17 09:30:04 2025-08-17T16:30:04.799Z root INFO [hosted-plugin: 5315] PLUGIN_HOST(5315): initializing(cortex-debug@1.5.1 with /nix/store/2d5i1bzbqbnl4rgnhk8czrw5zmqqjdzv-arduino-ide-2.3.6-extracted/resources/app/lib/backend/plugin-vscode-init)
2025-08-17 09:30:04 2025-08-17T16:30:04.800Z root INFO [hosted-plugin: 5315] Debugger contribution has been registered: cortex-debug
2025-08-17 09:30:04 2025-08-17T16:30:04.801Z root INFO [hosted-plugin: 5315] PLUGIN_HOST(5315): initializing(vscode-arduino-tools@0.1.3 with /nix/store/2d5i1bzbqbnl4rgnhk8czrw5zmqqjdzv-arduino-ide-2.3.6-extracted/resources/app/lib/backend/plugin-vscode-init)
2025-08-17 09:30:04 2025-08-17T16:30:04.802Z root INFO [hosted-plugin: 5315] PLUGIN_HOST(5315): initializing(cpp@1.88.1 with /nix/store/2d5i1bzbqbnl4rgnhk8czrw5zmqqjdzv-arduino-ide-2.3.6-extracted/resources/app/lib/backend/plugin-vscode-init)
2025-08-17 09:30:04 2025-08-17T16:30:04.803Z root INFO [hosted-plugin: 5315] PLUGIN_HOST(5315): initializing(json@1.88.1 with /nix/store/2d5i1bzbqbnl4rgnhk8czrw5zmqqjdzv-arduino-ide-2.3.6-extracted/resources/app/lib/backend/plugin-vscode-init)
2025-08-17 09:30:04 2025-08-17T16:30:04.804Z root INFO [hosted-plugin: 5315] PLUGIN_HOST(5315): initializing(vscode-language-pack-bg@1.48.3 with /nix/store/2d5i1bzbqbnl4rgnhk8czrw5zmqqjdzv-arduino-ide-2.3.6-extracted/resources/app/lib/backend/plugin-vscode-init)
2025-08-17 09:30:04 2025-08-17T16:30:04.805Z root INFO [hosted-plugin: 5315] PLUGIN_HOST(5315): initializing(vscode-language-pack-cs@1.96.0 with /nix/store/2d5i1bzbqbnl4rgnhk8czrw5zmqqjdzv-arduino-ide-2.3.6-extracted/resources/app/lib/backend/plugin-vscode-init)
2025-08-17 09:30:04 2025-08-17T16:30:04.806Z root INFO [hosted-plugin: 5315] PLUGIN_HOST(5315): initializing(vscode-language-pack-de@1.96.0 with /nix/store/2d5i1bzbqbnl4rgnhk8czrw5zmqqjdzv-arduino-ide-2.3.6-extracted/resources/app/lib/backend/plugin-vscode-init)
2025-08-17 09:30:04 2025-08-17T16:30:04.807Z root INFO [hosted-plugin: 5315] PLUGIN_HOST(5315): initializing(vscode-language-pack-es@1.96.0 with /nix/store/2d5i1bzbqbnl4rgnhk8czrw5zmqqjdzv-arduino-ide-2.3.6-extracted/resources/app/lib/backend/plugin-vscode-init)
2025-08-17 09:30:04 2025-08-17T16:30:04.808Z root INFO [hosted-plugin: 5315] PLUGIN_HOST(5315): initializing(vscode-language-pack-fr@1.96.0 with /nix/store/2d5i1bzbqbnl4rgnhk8czrw5zmqqjdzv-arduino-ide-2.3.6-extracted/resources/app/lib/backend/plugin-vscode-init)
2025-08-17 09:30:04 2025-08-17T16:30:04.809Z root INFO [hosted-plugin: 5315] PLUGIN_HOST(5315): initializing(vscode-language-pack-hu@1.48.3 with /nix/store/2d5i1bzbqbnl4rgnhk8czrw5zmqqjdzv-arduino-ide-2.3.6-extracted/resources/app/lib/backend/plugin-vscode-init)
2025-08-17 09:30:04 2025-08-17T16:30:04.809Z root INFO [hosted-plugin: 5315] PLUGIN_HOST(5315): initializing(vscode-language-pack-it@1.96.0 with /nix/store/2d5i1bzbqbnl4rgnhk8czrw5zmqqjdzv-arduino-ide-2.3.6-extracted/resources/app/lib/backend/plugin-vscode-init)
2025-08-17 09:30:04 2025-08-17T16:30:04.811Z root INFO [hosted-plugin: 5315] PLUGIN_HOST(5315): initializing(vscode-language-pack-ja@1.96.0 with /nix/store/2d5i1bzbqbnl4rgnhk8czrw5zmqqjdzv-arduino-ide-2.3.6-extracted/resources/app/lib/backend/plugin-vscode-init)
2025-08-17 09:30:04 2025-08-17T16:30:04.811Z root INFO [hosted-plugin: 5315] PLUGIN_HOST(5315): initializing(vscode-language-pack-ko@1.96.0 with /nix/store/2d5i1bzbqbnl4rgnhk8czrw5zmqqjdzv-arduino-ide-2.3.6-extracted/resources/app/lib/backend/plugin-vscode-init)
2025-08-17 09:30:04 2025-08-17T16:30:04.812Z root INFO [hosted-plugin: 5315] PLUGIN_HOST(5315): initializing(vscode-language-pack-nl@1.48.3 with /nix/store/2d5i1bzbqbnl4rgnhk8czrw5zmqqjdzv-arduino-ide-2.3.6-extracted/resources/app/lib/backend/plugin-vscode-init)
2025-08-17 09:30:04 2025-08-17T16:30:04.812Z root INFO [hosted-plugin: 5315] PLUGIN_HOST(5315): initializing(vscode-language-pack-pl@1.96.0 with /nix/store/2d5i1bzbqbnl4rgnhk8czrw5zmqqjdzv-arduino-ide-2.3.6-extracted/resources/app/lib/backend/plugin-vscode-init)
2025-08-17 09:30:04 2025-08-17T16:30:04.812Z root INFO [hosted-plugin: 5315] PLUGIN_HOST(5315): initializing(vscode-language-pack-pt-BR@1.96.0 with /nix/store/2d5i1bzbqbnl4rgnhk8czrw5zmqqjdzv-arduino-ide-2.3.6-extracted/resources/app/lib/backend/plugin-vscode-init)
2025-08-17 09:30:04 2025-08-17T16:30:04.813Z root INFO [hosted-plugin: 5315] PLUGIN_HOST(5315): initializing(vscode-language-pack-ru@1.96.0 with /nix/store/2d5i1bzbqbnl4rgnhk8czrw5zmqqjdzv-arduino-ide-2.3.6-extracted/resources/app/lib/backend/plugin-vscode-init)
2025-08-17 09:30:04 2025-08-17T16:30:04.813Z root INFO [hosted-plugin: 5315] PLUGIN_HOST(5315): initializing(vscode-language-pack-tr@1.96.0 with /nix/store/2d5i1bzbqbnl4rgnhk8czrw5zmqqjdzv-arduino-ide-2.3.6-extracted/resources/app/lib/backend/plugin-vscode-init)
2025-08-17 09:30:04 2025-08-17T16:30:04.814Z root INFO [hosted-plugin: 5315] PLUGIN_HOST(5315): initializing(vscode-language-pack-uk@1.48.3 with /nix/store/2d5i1bzbqbnl4rgnhk8czrw5zmqqjdzv-arduino-ide-2.3.6-extracted/resources/app/lib/backend/plugin-vscode-init)
2025-08-17 09:30:04 2025-08-17T16:30:04.814Z root INFO [hosted-plugin: 5315] PLUGIN_HOST(5315): initializing(vscode-language-pack-zh-hans@1.96.0 with /nix/store/2d5i1bzbqbnl4rgnhk8czrw5zmqqjdzv-arduino-ide-2.3.6-extracted/resources/app/lib/backend/plugin-vscode-init)
2025-08-17 09:30:04 2025-08-17T16:30:04.815Z root INFO [hosted-plugin: 5315] PLUGIN_HOST(5315): initializing(vscode-language-pack-zh-hant@1.96.0 with /nix/store/2d5i1bzbqbnl4rgnhk8czrw5zmqqjdzv-arduino-ide-2.3.6-extracted/resources/app/lib/backend/plugin-vscode-init)
2025-08-17 09:30:04 2025-08-17T16:30:04.823Z root INFO [hosted-plugin: 5315] PLUGIN_HOST(5315): PluginManagerExtImpl/loadPlugin(/nix/store/2d5i1bzbqbnl4rgnhk8czrw5zmqqjdzv-arduino-ide-2.3.6-extracted/resources/app/plugins/vscode-builtin-json-language-features/extension/client/dist/node/jsonClientMain)
2025-08-17 09:30:04 2025-08-17T16:30:04.904Z root INFO [hosted-plugin: 5315] PLUGIN_HOST(5315): PluginManagerExtImpl/loadPlugin(/nix/store/2d5i1bzbqbnl4rgnhk8czrw5zmqqjdzv-arduino-ide-2.3.6-extracted/resources/app/plugins/vscode-arduino-tools/extension/dist/extension.js)
2025-08-17 09:30:04 2025-08-17T16:30:04.935Z root INFO [hosted-plugin: 5315] PLUGIN_HOST(5315): PluginManagerExtImpl/loadPlugin(/nix/store/2d5i1bzbqbnl4rgnhk8czrw5zmqqjdzv-arduino-ide-2.3.6-extracted/resources/app/plugins/vscode-arduino-api/extension/dist/extension.js)
2025-08-17 09:30:04 2025-08-17T16:30:04.940Z root INFO [hosted-plugin: 5315] calling activation function on VS Code Arduino Tools
calling activation function on Arduino IDE API for VS Code extensions
2025-08-17 09:30:04 2025-08-17T16:30:04.982Z root INFO [df61dc80-a52c-44f2-8dc1-baf108ddd578] Starting plugins.
2025-08-17 09:30:05 2025-08-17T16:30:05.008Z root INFO [hosted-plugin: 5315] PLUGIN_HOST(5315): PluginManagerExtImpl/loadPlugin(/nix/store/2d5i1bzbqbnl4rgnhk8czrw5zmqqjdzv-arduino-ide-2.3.6-extracted/resources/app/plugins/cortex-debug/extension/dist/extension.js)
2025-08-17 09:30:05 2025-08-17T16:30:05.050Z root INFO [hosted-plugin: 5315] Debug configuration provider has been registered: cortex-debug, trigger: 1
2025-08-17 09:30:05 2025-08-17T16:30:05.050Z root INFO [hosted-plugin: 5315] calling activation function on Cortex-Debug
2025-08-17 09:30:05 2025-08-17T16:30:05.052Z root INFO [hosted-plugin: 5315] GDB server console created
2025-08-17 09:30:05 2025-08-17T16:30:05.071Z root INFO [df61dc80-a52c-44f2-8dc1-baf108ddd578] Start of 23 plugins: 618.7 ms [Finished 5.550 s after frontend start]
2025-08-17 09:30:05 2025-08-17T16:30:05.189Z root INFO [hosted-plugin: 5315] calling activation function on JSON Language Features (built-in)
2025-08-17 09:30:05 2025-08-17T16:30:05.518Z root INFO Frontend application start: 3941.0 ms [Finished 6.838 s after backend start]
2025-08-17 09:30:05 Checking for update
2025-08-17 09:30:05 2025-08-17T16:30:05.568Z root INFO Replace loading indicator with ready workbench UI (animation): 844.2 ms [Finished 5.775 s after frontend start]
2025-08-17 09:30:05 2025-08-17T16:30:05.568Z root INFO Changed application state from 'initialized_layout' to 'ready'.
2025-08-17 09:30:05 2025-08-17T16:30:05.568Z root WARN Linked preference "workbench.colorCustomizations" not found.
2025-08-17 09:30:05 2025-08-17T16:30:05.677Z daemon INFO time="2025-08-17T09:30:05-07:00" level=info msg="Starting monitor process" monitor=serial-monitor
time="2025-08-17T09:30:05-07:00" level=info msg="Monitor process started successfully!" monitor=serial-monitor
time="2025-08-17T09:30:05-07:00" level=info msg="sending command" command="HELLO 1 \"arduino-cli 1.2.0\"" monitor=serial-monitor
2025-08-17 09:30:05 2025-08-17T16:30:05.715Z daemon INFO time="2025-08-17T09:30:05-07:00" level=info msg="received message" error=false event_type=hello message=OK monitor=serial-monitor
time="2025-08-17T09:30:05-07:00" level=info msg="sending command" command=DESCRIBE monitor=serial-monitor
time="2025-08-17T09:30:05-07:00" level=info msg="received message" error=false event_type=describe message=OK monitor=serial-monitor
time="2025-08-17T09:30:05-07:00" level=info msg="sending command" command=QUIT monitor=serial-monitor
time="2025-08-17T09:30:05-07:00" level=info msg="received message" error=false event_type=quit message=OK monitor=serial-monitor
time="2025-08-17T09:30:05-07:00" level=info msg="Killing monitor process" monitor=serial-monitor
time="2025-08-17T09:30:05-07:00" level=error msg="stopped decode loop: EOF" monitor=serial-monitor
time="2025-08-17T09:30:05-07:00" level=info msg="Monitor process killed" monitor=serial-monitor
2025-08-17 09:30:05 2025-08-17T16:30:05.724Z monitor-service INFO starting monitor
2025-08-17 09:30:05 2025-08-17T16:30:05.726Z daemon INFO time="2025-08-17T09:30:05-07:00" level=info msg="Starting monitor process" monitor=serial-monitor
2025-08-17 09:30:05 2025-08-17T16:30:05.727Z daemon INFO time="2025-08-17T09:30:05-07:00" level=info msg="Monitor process started successfully!" monitor=serial-monitor
time="2025-08-17T09:30:05-07:00" level=info msg="sending command" command="HELLO 1 \"arduino-cli 1.2.0\"" monitor=serial-monitor
2025-08-17 09:30:05 2025-08-17T16:30:05.730Z daemon INFO time="2025-08-17T09:30:05-07:00" level=info msg="received message" error=false event_type=hello message=OK monitor=serial-monitor
time="2025-08-17T09:30:05-07:00" level=info msg="sending command" command=DESCRIBE monitor=serial-monitor
2025-08-17 09:30:05 2025-08-17T16:30:05.731Z daemon INFO time="2025-08-17T09:30:05-07:00" level=info msg="received message" error=false event_type=describe message=OK monitor=serial-monitor
time="2025-08-17T09:30:05-07:00" level=info msg="sending command" command=QUIT monitor=serial-monitor
time="2025-08-17T09:30:05-07:00" level=info msg="received message" error=false event_type=quit message=OK monitor=serial-monitor
time="2025-08-17T09:30:05-07:00" level=info msg="Killing monitor process" monitor=serial-monitor
time="2025-08-17T09:30:05-07:00" level=error msg="stopped decode loop: EOF" monitor=serial-monitor
time="2025-08-17T09:30:05-07:00" level=info msg="Monitor process killed" monitor=serial-monitor
2025-08-17 09:30:05 2025-08-17T16:30:05.739Z daemon INFO time="2025-08-17T09:30:05-07:00" level=info msg="Starting monitor process" monitor=serial-monitor
time="2025-08-17T09:30:05-07:00" level=info msg="Monitor process started successfully!" monitor=serial-monitor
time="2025-08-17T09:30:05-07:00" level=info msg="sending command" command="HELLO 1 \"arduino-cli 1.2.0\"" monitor=serial-monitor
2025-08-17 09:30:05 2025-08-17T16:30:05.743Z daemon INFO time="2025-08-17T09:30:05-07:00" level=info msg="received message" error=false event_type=hello message=OK monitor=serial-monitor
time="2025-08-17T09:30:05-07:00" level=info msg="sending command" command=DESCRIBE monitor=serial-monitor
time="2025-08-17T09:30:05-07:00" level=info msg="received message" error=false event_type=describe message=OK monitor=serial-monitor
time="2025-08-17T09:30:05-07:00" level=info msg="sending command" command="CONFIGURE baudrate 115200" monitor=serial-monitor
time="2025-08-17T09:30:05-07:00" level=info msg="received message" error=false event_type=configure message=OK monitor=serial-monitor
time="2025-08-17T09:30:05-07:00" level=info msg="sending command" command="CONFIGURE bits 8" monitor=serial-monitor
time="2025-08-17T09:30:05-07:00" level=info msg="received message" error=false event_type=configure message=OK monitor=serial-monitor
time="2025-08-17T09:30:05-07:00" level=info msg="sending command" command="CONFIGURE dtr on" monitor=serial-monitor
time="2025-08-17T09:30:05-07:00" level=info msg="received message" error=false event_type=configure message=OK monitor=serial-monitor
time="2025-08-17T09:30:05-07:00" level=info msg="sending command" command="CONFIGURE parity none" monitor=serial-monitor
time="2025-08-17T09:30:05-07:00" level=info msg="received message" error=false event_type=configure message=OK monitor=serial-monitor
time="2025-08-17T09:30:05-07:00" level=info msg="sending command" command="CONFIGURE rts on" monitor=serial-monitor
time="2025-08-17T09:30:05-07:00" level=info msg="received message" error=false event_type=configure message=OK monitor=serial-monitor
time="2025-08-17T09:30:05-07:00" level=info msg="sending command" command="CONFIGURE stop_bits 1" monitor=serial-monitor
time="2025-08-17T09:30:05-07:00" level=info msg="received message" error=false event_type=configure message=OK monitor=serial-monitor
time="2025-08-17T09:30:05-07:00" level=info msg="sending command" command="OPEN 127.0.0.1:38687 /dev/ttyS0" monitor=serial-monitor
time="2025-08-17T09:30:05-07:00" level=info msg="received message" error=false event_type=open message=OK monitor=serial-monitor
time="2025-08-17T09:30:05-07:00" level=info msg="Port /dev/ttyS0 successfully opened"
2025-08-17 09:30:05 2025-08-17T16:30:05.746Z monitor-service INFO Using port configuration for serial:/dev/ttyS0: {"settingsList":[{"settingId":"baudrate","value":"115200"},{"settingId":"bits","value":"8"},{"settingId":"dtr","value":"on"},{"settingId":"parity","value":"none"},{"settingId":"rts","value":"on"},{"settingId":"stop_bits","value":"1"}]}
2025-08-17 09:30:05 2025-08-17T16:30:05.746Z monitor-service INFO started monitor to /dev/ttyS0 using serial
2025-08-17 09:30:05 2025-08-17T16:30:05.976Z root INFO Starting language server: esp32:esp32:XIAO_ESP32C3:UploadSpeed=921600,CDCOnBoot=default,CPUFreq=160,FlashFreq=80,FlashMode=qio,FlashSize=4M,PartitionScheme=default,DebugLevel=none,EraseFlash=none
2025-08-17 09:30:06 2025-08-17T16:30:05.999Z monitor-service INFO No port configuration changes have been detected. No need to send configure commands to the running monitor serial:/dev/ttyS0.
2025-08-17 09:30:06 2025-08-17T16:30:06.000Z monitor-service INFO No port configuration changes have been detected. No need to send configure commands to the running monitor serial:/dev/ttyS0.
2025-08-17 09:30:06 2025-08-17T16:30:06.000Z daemon INFO time="2025-08-17T09:30:05-07:00" level=info msg="Tool required for debug" tool="arduino:dfu-util@0.11.0-arduino5"
time="2025-08-17T09:30:05-07:00" level=info msg="Tool required for debug" tool="esp32:esp-rv32@2411"
time="2025-08-17T09:30:05-07:00" level=info msg="Tool required for debug" tool="esp32:esp-x32@2411"
time="2025-08-17T09:30:05-07:00" level=info msg="Tool required for debug" tool="esp32:esp32-arduino-libs@idf-release_v5.5-b66b5448-v1"
time="2025-08-17T09:30:05-07:00" level=info msg="Tool required for debug" tool="esp32:esptool_py@5.0.0"
time="2025-08-17T09:30:05-07:00" level=info msg="Tool required for debug" tool="esp32:mklittlefs@3.0.0-gnu12-dc7f933"
time="2025-08-17T09:30:05-07:00" level=info msg="Tool required for debug" tool="esp32:mkspiffs@0.2.3"
time="2025-08-17T09:30:05-07:00" level=info msg="Tool required for debug" tool="esp32:openocd-esp32@v0.12.0-esp32-20250422"
time="2025-08-17T09:30:05-07:00" level=info msg="Tool required for debug" tool="esp32:riscv32-esp-elf-gdb@16.2_20250324"
time="2025-08-17T09:30:05-07:00" level=info msg="Tool required for debug" tool="esp32:xtensa-esp-elf-gdb@16.2_20250324"
time="2025-08-17T09:30:05-07:00" level=info msg="Tool required for debug" tool="builtin:serial-monitor@0.15.0"
time="2025-08-17T09:30:05-07:00" level=info msg="Tool required for debug" tool="builtin:ctags@5.8-arduino11"
time="2025-08-17T09:30:05-07:00" level=info msg="Tool required for debug" tool="builtin:mdns-discovery@1.0.9"
time="2025-08-17T09:30:05-07:00" level=info msg="Tool required for debug" tool="arduino:avr-gcc@7.3.0-atmel3.6.1-arduino7"
time="2025-08-17T09:30:05-07:00" level=info msg="Tool required for debug" tool="arduino:avrdude@6.3.0-arduino17"
time="2025-08-17T09:30:05-07:00" level=info msg="Tool required for debug" tool="arduino:arduinoOTA@1.3.0"
time="2025-08-17T09:30:05-07:00" level=info msg="Tool required for debug" tool="builtin:serial-discovery@1.4.1"
time="2025-08-17T09:30:05-07:00" level=info msg="Tool required for debug" tool="builtin:dfu-discovery@0.1.2"
time="2025-08-17T09:30:05-07:00" level=info msg="Tool required for debug" tool="arduino:dfu-util@0.11.0-arduino5"
time="2025-08-17T09:30:05-07:00" level=info msg="Tool required for debug" tool="esp32:esp-rv32@2411"
time="2025-08-17T09:30:05-07:00" level=info msg="Tool required for debug" tool="esp32:esp-x32@2411"
time="2025-08-17T09:30:05-07:00" level=info msg="Tool required for debug" tool="esp32:esp32-arduino-libs@idf-release_v5.5-b66b5448-v1"
time="2025-08-17T09:30:05-07:00" level=info msg="Tool required for debug" tool="esp32:esptool_py@5.0.0"
time="2025-08-17T09:30:05-07:00" level=info msg="Tool required for debug" tool="esp32:mklittlefs@3.0.0-gnu12-dc7f933"
time="2025-08-17T09:30:05-07:00" level=info msg="Tool required for debug" tool="esp32:mkspiffs@0.2.3"
time="2025-08-17T09:30:05-07:00" level=info msg="Tool required for debug" tool="esp32:openocd-esp32@v0.12.0-esp32-20250422"
time="2025-08-17T09:30:05-07:00" level=info msg="Tool required for debug" tool="esp32:riscv32-esp-elf-gdb@16.2_20250324"
time="2025-08-17T09:30:05-07:00" level=info msg="Tool required for debug" tool="esp32:xtensa-esp-elf-gdb@16.2_20250324"
time="2025-08-17T09:30:05-07:00" level=info msg="Tool required for debug" tool="arduino:avr-gcc@7.3.0-atmel3.6.1-arduino7"
time="2025-08-17T09:30:05-07:00" level=info msg="Tool required for debug" tool="builtin:serial-discovery@1.4.1"
time="2025-08-17T09:30:05-07:00" level=info msg="Tool required for debug" tool="arduino:avrdude@6.3.0-arduino17"
time="2025-08-17T09:30:05-07:00" level=info msg="Tool required for debug" tool="arduino:arduinoOTA@1.3.0"
time="2025-08-17T09:30:05-07:00" level=info msg="Tool required for debug" tool="builtin:serial-monitor@0.15.0"
time="2025-08-17T09:30:05-07:00" level=info msg="Tool required for debug" tool="builtin:ctags@5.8-arduino11"
time="2025-08-17T09:30:05-07:00" level=info msg="Tool required for debug" tool="builtin:dfu-discovery@0.1.2"
time="2025-08-17T09:30:05-07:00" level=info msg="Tool required for debug" tool="builtin:mdns-discovery@1.0.9"
time="2025-08-17T09:30:05-07:00" level=info msg="Tool required for debug" tool="arduino:dfu-util@0.11.0-arduino5"
time="2025-08-17T09:30:05-07:00" level=info msg="Tool required for debug" tool="esp32:esp-rv32@2411"
time="2025-08-17T09:30:05-07:00" level=info msg="Tool required for debug" tool="esp32:esp-x32@2411"
time="2025-08-17T09:30:05-07:00" level=info msg="Tool required for debug" tool="esp32:esp32-arduino-libs@idf-release_v5.5-b66b5448-v1"
time="2025-08-17T09:30:05-07:00" level=info msg="Tool required for debug" tool="esp32:esptool_py@5.0.0"
time="2025-08-17T09:30:05-07:00" level=info msg="Tool required for debug" tool="esp32:mklittlefs@3.0.0-gnu12-dc7f933"
time="2025-08-17T09:30:05-07:00" level=info msg="Tool required for debug" tool="esp32:mkspiffs@0.2.3"
time="2025-08-17T09:30:05-07:00" level=info msg="Tool required for debug" tool="esp32:openocd-esp32@v0.12.0-esp32-20250422"
time="2025-08-17T09:30:05-07:00" level=info msg="Tool required for debug" tool="esp32:riscv32-esp-elf-gdb@16.2_20250324"
time="2025-08-17T09:30:05-07:00" level=info msg="Tool required for debug" tool="esp32:xtensa-esp-elf-gdb@16.2_20250324"
time="2025-08-17T09:30:05-07:00" level=info msg="Tool required for debug" tool="arduino:avrdude@6.3.0-arduino17"
time="2025-08-17T09:30:05-07:00" level=info msg="Tool required for debug" tool="builtin:dfu-discovery@0.1.2"
time="2025-08-17T09:30:05-07:00" level=info msg="Tool required for debug" tool="builtin:mdns-discovery@1.0.9"
time="2025-08-17T09:30:05-07:00" level=info msg="Tool required for debug" tool="builtin:serial-monitor@0.15.0"
time="2025-08-17T09:30:05-07:00" level=info msg="Tool required for debug" tool="builtin:serial-discovery@1.4.1"
time="2025-08-17T09:30:05-07:00" level=info msg="Tool required for debug" tool="arduino:avr-gcc@7.3.0-atmel3.6.1-arduino7"
time="2025-08-17T09:30:05-07:00" level=info msg="Tool required for debug" tool="arduino:arduinoOTA@1.3.0"
time="2025-08-17T09:30:05-07:00" level=info msg="Tool required for debug" tool="builtin:ctags@5.8-arduino11"
2025-08-17 09:30:06 2025-08-17T16:30:06.005Z daemon INFO time="2025-08-17T09:30:06-07:00" level=info msg="Tool required for debug" tool="arduino:dfu-util@0.11.0-arduino5"
time="2025-08-17T09:30:06-07:00" level=info msg="Tool required for debug" tool="esp32:esp-rv32@2411"
time="2025-08-17T09:30:06-07:00" level=info msg="Tool required for debug" tool="esp32:esp-x32@2411"
2025-08-17 09:30:06 2025-08-17T16:30:06.005Z daemon INFO time="2025-08-17T09:30:06-07:00" level=info msg="Tool required for debug" tool="esp32:esp32-arduino-libs@idf-release_v5.5-b66b5448-v1"
time="2025-08-17T09:30:06-07:00" level=info msg="Tool required for debug" tool="esp32:esptool_py@5.0.0"
time="2025-08-17T09:30:06-07:00" level=info msg="Tool required for debug" tool="esp32:mklittlefs@3.0.0-gnu12-dc7f933"
time="2025-08-17T09:30:06-07:00" level=info msg="Tool required for debug" tool="esp32:mkspiffs@0.2.3"
2025-08-17 09:30:06 2025-08-17T16:30:06.005Z daemon INFO time="2025-08-17T09:30:06-07:00" level=info msg="Tool required for debug" tool="esp32:openocd-esp32@v0.12.0-esp32-20250422"
time="2025-08-17T09:30:06-07:00" level=info msg="Tool required for debug" tool="esp32:riscv32-esp-elf-gdb@16.2_20250324"
time="2025-08-17T09:30:06-07:00" level=info msg="Tool required for debug" tool="esp32:xtensa-esp-elf-gdb@16.2_20250324"
time="2025-08-17T09:30:06-07:00" level=info msg="Tool required for debug" tool="arduino:avrdude@6.3.0-arduino17"
time="2025-08-17T09:30:06-07:00" level=info msg="Tool required for debug" tool="builtin:mdns-discovery@1.0.9"
time="2025-08-17T09:30:06-07:00" level=info msg="Tool required for debug" tool="builtin:dfu-discovery@0.1.2"
time="2025-08-17T09:30:06-07:00" level=info msg="Tool required for debug" tool="arduino:arduinoOTA@1.3.0"
time="2025-08-17T09:30:06-07:00" level=info msg="Tool required for debug" tool="builtin:serial-monitor@0.15.0"
2025-08-17 09:30:06 2025-08-17T16:30:06.006Z daemon INFO time="2025-08-17T09:30:06-07:00" level=info msg="Tool required for debug" tool="builtin:ctags@5.8-arduino11"
time="2025-08-17T09:30:06-07:00" level=info msg="Tool required for debug" tool="arduino:avr-gcc@7.3.0-atmel3.6.1-arduino7"
time="2025-08-17T09:30:06-07:00" level=info msg="Tool required for debug" tool="builtin:serial-discovery@1.4.1"
2025-08-17 09:30:06 2025-08-17T16:30:06.014Z daemon INFO time="2025-08-17T09:30:06-07:00" level=info msg="Tool required for debug" tool="arduino:dfu-util@0.11.0-arduino5"
time="2025-08-17T09:30:06-07:00" level=info msg="Tool required for debug" tool="esp32:esp-rv32@2411"
time="2025-08-17T09:30:06-07:00" level=info msg="Tool required for debug" tool="esp32:esp-x32@2411"
time="2025-08-17T09:30:06-07:00" level=info msg="Tool required for debug" tool="esp32:esp32-arduino-libs@idf-release_v5.5-b66b5448-v1"
time="2025-08-17T09:30:06-07:00" level=info msg="Tool required for debug" tool="esp32:esptool_py@5.0.0"
time="2025-08-17T09:30:06-07:00" level=info msg="Tool required for debug" tool="esp32:mklittlefs@3.0.0-gnu12-dc7f933"
time="2025-08-17T09:30:06-07:00" level=info msg="Tool required for debug" tool="esp32:mkspiffs@0.2.3"
time="2025-08-17T09:30:06-07:00" level=info msg="Tool required for debug" tool="esp32:openocd-esp32@v0.12.0-esp32-20250422"
time="2025-08-17T09:30:06-07:00" level=info msg="Tool required for debug" tool="esp32:riscv32-esp-elf-gdb@16.2_20250324"
time="2025-08-17T09:30:06-07:00" level=info msg="Tool required for debug" tool="esp32:xtensa-esp-elf-gdb@16.2_20250324"
2025-08-17 09:30:06 2025-08-17T16:30:06.014Z daemon INFO time="2025-08-17T09:30:06-07:00" level=info msg="Tool required for debug" tool="arduino:arduinoOTA@1.3.0"
time="2025-08-17T09:30:06-07:00" level=info msg="Tool required for debug" tool="arduino:avrdude@6.3.0-arduino17"
time="2025-08-17T09:30:06-07:00" level=info msg="Tool required for debug" tool="builtin:dfu-discovery@0.1.2"
time="2025-08-17T09:30:06-07:00" level=info msg="Tool required for debug" tool="arduino:avr-gcc@7.3.0-atmel3.6.1-arduino7"
time="2025-08-17T09:30:06-07:00" level=info msg="Tool required for debug" tool="builtin:mdns-discovery@1.0.9"
time="2025-08-17T09:30:06-07:00" level=info msg="Tool required for debug" tool="builtin:serial-monitor@0.15.0"
time="2025-08-17T09:30:06-07:00" level=info msg="Tool required for debug" tool="builtin:ctags@5.8-arduino11"
time="2025-08-17T09:30:06-07:00" level=info msg="Tool required for debug" tool="builtin:serial-discovery@1.4.1"
2025-08-17 09:30:06 2025-08-17T16:30:06.206Z daemon INFO time="2025-08-17T09:30:06-07:00" level=info msg="Tool required for debug" tool="arduino:dfu-util@0.11.0-arduino5"
time="2025-08-17T09:30:06-07:00" level=info msg="Tool required for debug" tool="esp32:esp-rv32@2411"
time="2025-08-17T09:30:06-07:00" level=info msg="Tool required for debug" tool="esp32:esp-x32@2411"
time="2025-08-17T09:30:06-07:00" level=info msg="Tool required for debug" tool="esp32:esp32-arduino-libs@idf-release_v5.5-b66b5448-v1"
time="2025-08-17T09:30:06-07:00" level=info msg="Tool required for debug" tool="esp32:esptool_py@5.0.0"
time="2025-08-17T09:30:06-07:00" level=info msg="Tool required for debug" tool="esp32:mklittlefs@3.0.0-gnu12-dc7f933"
time="2025-08-17T09:30:06-07:00" level=info msg="Tool required for debug" tool="esp32:mkspiffs@0.2.3"
time="2025-08-17T09:30:06-07:00" level=info msg="Tool required for debug" tool="esp32:openocd-esp32@v0.12.0-esp32-20250422"
time="2025-08-17T09:30:06-07:00" level=info msg="Tool required for debug" tool="esp32:riscv32-esp-elf-gdb@16.2_20250324"
time="2025-08-17T09:30:06-07:00" level=info msg="Tool required for debug" tool="esp32:xtensa-esp-elf-gdb@16.2_20250324"
time="2025-08-17T09:30:06-07:00" level=info msg="Tool required for debug" tool="arduino:arduinoOTA@1.3.0"
time="2025-08-17T09:30:06-07:00" level=info msg="Tool required for debug" tool="arduino:avr-gcc@7.3.0-atmel3.6.1-arduino7"
time="2025-08-17T09:30:06-07:00" level=info msg="Tool required for debug" tool="builtin:serial-monitor@0.15.0"
time="2025-08-17T09:30:06-07:00" level=info msg="Tool required for debug" tool="builtin:ctags@5.8-arduino11"
time="2025-08-17T09:30:06-07:00" level=info msg="Tool required for debug" tool="builtin:dfu-discovery@0.1.2"
time="2025-08-17T09:30:06-07:00" level=info msg="Tool required for debug" tool="arduino:avrdude@6.3.0-arduino17"
time="2025-08-17T09:30:06-07:00" level=info msg="Tool required for debug" tool="builtin:serial-discovery@1.4.1"
time="2025-08-17T09:30:06-07:00" level=info msg="Tool required for debug" tool="builtin:mdns-discovery@1.0.9"
time="2025-08-17T09:30:06-07:00" level=info msg="Tool required for debug" tool="arduino:dfu-util@0.11.0-arduino5"
time="2025-08-17T09:30:06-07:00" level=info msg="Tool required for debug" tool="esp32:esp-rv32@2411"
time="2025-08-17T09:30:06-07:00" level=info msg="Tool required for debug" tool="esp32:esp-x32@2411"
time="2025-08-17T09:30:06-07:00" level=info msg="Tool required for debug" tool="esp32:esp32-arduino-libs@idf-release_v5.5-b66b5448-v1"
time="2025-08-17T09:30:06-07:00" level=info msg="Tool required for debug" tool="esp32:esptool_py@5.0.0"
time="2025-08-17T09:30:06-07:00" level=info msg="Tool required for debug" tool="esp32:mklittlefs@3.0.0-gnu12-dc7f933"
time="2025-08-17T09:30:06-07:00" level=info msg="Tool required for debug" tool="esp32:mkspiffs@0.2.3"
time="2025-08-17T09:30:06-07:00" level=info msg="Tool required for debug" tool="esp32:openocd-esp32@v0.12.0-esp32-20250422"
time="2025-08-17T09:30:06-07:00" level=info msg="Tool required for debug" tool="esp32:riscv32-esp-elf-gdb@16.2_20250324"
time="2025-08-17T09:30:06-07:00" level=info msg="Tool required for debug" tool="esp32:xtensa-esp-elf-gdb@16.2_20250324"
time="2025-08-17T09:30:06-07:00" level=info msg="Tool required for debug" tool="arduino:avr-gcc@7.3.0-atmel3.6.1-arduino7"
time="2025-08-17T09:30:06-07:00" level=info msg="Tool required for debug" tool="arduino:arduinoOTA@1.3.0"
time="2025-08-17T09:30:06-07:00" level=info msg="Tool required for debug" tool="builtin:dfu-discovery@0.1.2"
time="2025-08-17T09:30:06-07:00" level=info msg="Tool required for debug" tool="builtin:mdns-discovery@1.0.9"
time="2025-08-17T09:30:06-07:00" level=info msg="Tool required for debug" tool="builtin:serial-discovery@1.4.1"
time="2025-08-17T09:30:06-07:00" level=info msg="Tool required for debug" tool="builtin:serial-monitor@0.15.0"
time="2025-08-17T09:30:06-07:00" level=info msg="Tool required for debug" tool="arduino:avrdude@6.3.0-arduino17"
time="2025-08-17T09:30:06-07:00" level=info msg="Tool required for debug" tool="builtin:ctags@5.8-arduino11"
time="2025-08-17T09:30:06-07:00" level=info msg="Tool required for debug" tool="arduino:dfu-util@0.11.0-arduino5"
time="2025-08-17T09:30:06-07:00" level=info msg="Tool required for debug" tool="esp32:esp-rv32@2411"
time="2025-08-17T09:30:06-07:00" level=info msg="Tool required for debug" tool="esp32:esp-x32@2411"
time="2025-08-17T09:30:06-07:00" level=info msg="Tool required for debug" tool="esp32:esp32-arduino-libs@idf-release_v5.5-b66b5448-v1"
time="2025-08-17T09:30:06-07:00" level=info msg="Tool required for debug" tool="esp32:esptool_py@5.0.0"
time="2025-08-17T09:30:06-07:00" level=info msg="Tool required for debug" tool="esp32:mklittlefs@3.0.0-gnu12-dc7f933"
time="2025-08-17T09:30:06-07:00" level=info msg="Tool required for debug" tool="esp32:mkspiffs@0.2.3"
time="2025-08-17T09:30:06-07:00" level=info msg="Tool required for debug" tool="esp32:openocd-esp32@v0.12.0-esp32-20250422"
time="2025-08-17T09:30:06-07:00" level=info msg="Tool required for debug" tool="esp32:riscv32-esp-elf-gdb@16.2_20250324"
time="2025-08-17T09:30:06-07:00" level=info msg="Tool required for debug" tool="esp32:xtensa-esp-elf-gdb@16.2_20250324"
time="2025-08-17T09:30:06-07:00" level=info msg="Tool required for debug" tool="arduino:avrdude@6.3.0-arduino17"
time="2025-08-17T09:30:06-07:00" level=info msg="Tool required for debug" tool="builtin:serial-monitor@0.15.0"
time="2025-08-17T09:30:06-07:00" level=info msg="Tool required for debug" tool="arduino:avr-gcc@7.3.0-atmel3.6.1-arduino7"
time="2025-08-17T09:30:06-07:00" level=info msg="Tool required for debug" tool="builtin:mdns-discovery@1.0.9"
time="2025-08-17T09:30:06-07:00" level=info msg="Tool required for debug" tool="builtin:serial-discovery@1.4.1"
time="2025-08-17T09:30:06-07:00" level=info msg="Tool required for debug" tool="builtin:ctags@5.8-arduino11"
time="2025-08-17T09:30:06-07:00" level=info msg="Tool required for debug" tool="builtin:dfu-discovery@0.1.2"
time="2025-08-17T09:30:06-07:00" level=info msg="Tool required for debug" tool="arduino:arduinoOTA@1.3.0"
time="2025-08-17T09:30:06-07:00" level=info msg="Tool required for debug" tool="arduino:dfu-util@0.11.0-arduino5"
time="2025-08-17T09:30:06-07:00" level=info msg="Tool required for debug" tool="esp32:esp-rv32@2411"
time="2025-08-17T09:30:06-07:00" level=info msg="Tool required for debug" tool="esp32:esp-x32@2411"
time="2025-08-17T09:30:06-07:00" level=info msg="Tool required for debug" tool="esp32:esp32-arduino-libs@idf-release_v5.5-b66b5448-v1"
time="2025-08-17T09:30:06-07:00" level=info msg="Tool required for debug" tool="esp32:esptool_py@5.0.0"
time="2025-08-17T09:30:06-07:00" level=info msg="Tool required for debug" tool="esp32:mklittlefs@3.0.0-gnu12-dc7f933"
time="2025-08-17T09:30:06-07:00" level=info msg="Tool required for debug" tool="esp32:mkspiffs@0.2.3"
time="2025-08-17T09:30:06-07:00" level=info msg="Tool required for debug" tool="esp32:openocd-esp32@v0.12.0-esp32-20250422"
time="2025-08-17T09:30:06-07:00" level=info msg="Tool required for debug" tool="esp32:riscv32-esp-elf-gdb@16.2_20250324"
time="2025-08-17T09:30:06-07:00" level=info msg="Tool required for debug" tool="esp32:xtensa-esp-elf-gdb@16.2_20250324"
time="2025-08-17T09:30:06-07:00" level=info msg="Tool required for debug" tool="arduino:arduinoOTA@1.3.0"
time="2025-08-17T09:30:06-07:00" level=info msg="Tool required for debug" tool="builtin:serial-discovery@1.4.1"
time="2025-08-17T09:30:06-07:00" level=info msg="Tool required for debug" tool="builtin:ctags@5.8-arduino11"
time="2025-08-17T09:30:06-07:00" level=info msg="Tool required for debug" tool="arduino:avr-gcc@7.3.0-atmel3.6.1-arduino7"
time="2025-08-17T09:30:06-07:00" level=info msg="Tool required for debug" tool="arduino:avrdude@6.3.0-arduino17"
time="2025-08-17T09:30:06-07:00" level=info msg="Tool required for debug" tool="builtin:mdns-discovery@1.0.9"
time="2025-08-17T09:30:06-07:00" level=info msg="Tool required for debug" tool="builtin:serial-monitor@0.15.0"
time="2025-08-17T09:30:06-07:00" level=info msg="Tool required for debug" tool="builtin:dfu-discovery@0.1.2"
time="2025-08-17T09:30:06-07:00" level=info msg="Tool required for debug" tool="arduino:dfu-util@0.11.0-arduino5"
time="2025-08-17T09:30:06-07:00" level=info msg="Tool required for debug" tool="esp32:esp-rv32@2411"
time="2025-08-17T09:30:06-07:00" level=info msg="Tool required for debug" tool="esp32:esp-x32@2411"
time="2025-08-17T09:30:06-07:00" level=info msg="Tool required for debug" tool="esp32:esp32-arduino-libs@idf-release_v5.5-b66b5448-v1"
time="2025-08-17T09:30:06-07:00" level=info msg="Tool required for debug" tool="esp32:esptool_py@5.0.0"
time="2025-08-17T09:30:06-07:00" level=info msg="Tool required for debug" tool="esp32:mklittlefs@3.0.0-gnu12-dc7f933"
time="2025-08-17T09:30:06-07:00" level=info msg="Tool required for debug" tool="esp32:mkspiffs@0.2.3"
time="2025-08-17T09:30:06-07:00" level=info msg="Tool required for debug" tool="esp32:openocd-esp32@v0.12.0-esp32-20250422"
time="2025-08-17T09:30:06-07:00" level=info msg="Tool required for debug" tool="esp32:riscv32-esp-elf-gdb@16.2_20250324"
time="2025-08-17T09:30:06-07:00" level=info msg="Tool required for debug" tool="esp32:xtensa-esp-elf-gdb@16.2_20250324"
time="2025-08-17T09:30:06-07:00" level=info msg="Tool required for debug" tool="arduino:arduinoOTA@1.3.0"
time="2025-08-17T09:30:06-07:00" level=info msg="Tool required for debug" tool="builtin:dfu-discovery@0.1.2"
time="2025-08-17T09:30:06-07:00" level=info msg="Tool required for debug" tool="builtin:serial-discovery@1.4.1"
time="2025-08-17T09:30:06-07:00" level=info msg="Tool required for debug" tool="arduino:avr-gcc@7.3.0-atmel3.6.1-arduino7"
time="2025-08-17T09:30:06-07:00" level=info msg="Tool required for debug" tool="arduino:avrdude@6.3.0-arduino17"
time="2025-08-17T09:30:06-07:00" level=info msg="Tool required for debug" tool="builtin:ctags@5.8-arduino11"
time="2025-08-17T09:30:06-07:00" level=info msg="Tool required for debug" tool="builtin:serial-monitor@0.15.0"
time="2025-08-17T09:30:06-07:00" level=info msg="Tool required for debug" tool="builtin:mdns-discovery@1.0.9"
2025-08-17 09:30:06 2025-08-17T16:30:06.362Z daemon INFO time="2025-08-17T09:30:06-07:00" level=info msg="Adding libraries dir" dir=/home/aaron/.arduino15/libraries isSingleLibrary=false location=ide
time="2025-08-17T09:30:06-07:00" level=info msg="Adding libraries dir" dir=/home/aaron/.arduino15/packages/esp32/hardware/esp32/3.3.0/libraries isSingleLibrary=false location=platform
time="2025-08-17T09:30:06-07:00" level=info msg="Adding libraries dir" dir=/home/aaron/Arduino/libraries isSingleLibrary=false location=user
2025-08-17 09:30:06 Update for version 2.3.6 is not available (latest version: 2.3.6, downgrade is allowed).
2025-08-17 09:30:08 2025-08-17T16:30:08.024Z daemon INFO time="2025-08-17T09:30:08-07:00" level=info msg="Resolving include TinyGPSPlus.h for arch esp32"
time="2025-08-17T09:30:08-07:00" level=info msg="  found better lib" lib=TinyGPSPlusPlus prio=517
time="2025-08-17T09:30:08-07:00" level=info msg="  found better lib" lib=TinyGPSPlus prio=6A7
time="2025-08-17T09:30:08-07:00" level=info msg="  discarded" lib=TinyGPSPlus-ESP32 prio=521
2025-08-17 09:30:08 2025-08-17T16:30:08.703Z daemon INFO time="2025-08-17T09:30:08-07:00" level=info msg="Resolving include WiFi.h for arch esp32"
time="2025-08-17T09:30:08-07:00" level=info msg="  found better lib" lib=WiFi prio=6B0
2025-08-17 09:30:09 2025-08-17T16:30:09.432Z daemon INFO time="2025-08-17T09:30:09-07:00" level=info msg="Resolving include Network.h for arch esp32"
time="2025-08-17T09:30:09-07:00" level=info msg="  found better lib" lib=Networking prio=64C
2025-08-17 09:30:10 2025-08-17T16:30:10.442Z daemon INFO time="2025-08-17T09:30:10-07:00" level=info msg="Resolving include BLEDevice.h for arch esp32"
time="2025-08-17T09:30:10-07:00" level=info msg="  found better lib" lib=BLE prio=3F4
2025-08-17 09:30:43 2025-08-17T16:30:43.806Z monitor-service INFO Updated the port configuration for serial:/dev/ttyS0: {"settingsList":[{"settingId":"baudrate","value":"9600"},{"settingId":"bits","value":"8"},{"settingId":"dtr","value":"on"},{"settingId":"parity","value":"none"},{"settingId":"rts","value":"on"},{"settingId":"stop_bits","value":"1"}]}
2025-08-17 09:30:43 2025-08-17T16:30:43.806Z monitor-service INFO Sending monitor request with new port configuration: {"settingsList":[{"settingId":"baudrate","value":"9600"}]}
2025-08-17 09:30:43 2025-08-17T16:30:43.808Z daemon INFO time="2025-08-17T09:30:43-07:00" level=info msg="sending command" command="CONFIGURE baudrate 9600" monitor=serial-monitor
time="2025-08-17T09:30:43-07:00" level=info msg="received message" error=false event_type=configure message=OK monitor=serial-monitor
2025-08-17 09:30:48 2025-08-17T16:30:48.249Z monitor-service INFO No port configuration changes have been detected. No need to send configure commands to the running monitor serial:/dev/ttyS0.
2025-08-17 09:30:49 2025-08-17T16:30:49.518Z daemon INFO time="2025-08-17T09:30:49-07:00" level=info msg="Adding libraries dir" dir=/home/aaron/.arduino15/libraries isSingleLibrary=false location=ide
time="2025-08-17T09:30:49-07:00" level=info msg="Adding libraries dir" dir=/home/aaron/.arduino15/packages/esp32/hardware/esp32/3.3.0/libraries isSingleLibrary=false location=platform
time="2025-08-17T09:30:49-07:00" level=info msg="Adding libraries dir" dir=/home/aaron/Arduino/libraries isSingleLibrary=false location=user
2025-08-17 09:30:51 2025-08-17T16:30:51.684Z monitor-service INFO Updated the port configuration for serial:/dev/ttyS0: {"settingsList":[{"settingId":"baudrate","value":"115200"},{"settingId":"bits","value":"8"},{"settingId":"dtr","value":"on"},{"settingId":"parity","value":"none"},{"settingId":"rts","value":"on"},{"settingId":"stop_bits","value":"1"}]}
2025-08-17 09:30:51 2025-08-17T16:30:51.684Z monitor-service INFO Sending monitor request with new port configuration: {"settingsList":[{"settingId":"baudrate","value":"115200"}]}
2025-08-17 09:30:51 2025-08-17T16:30:51.686Z daemon INFO time="2025-08-17T09:30:51-07:00" level=info msg="sending command" command="CONFIGURE baudrate 115200" monitor=serial-monitor
time="2025-08-17T09:30:51-07:00" level=info msg="received message" error=false event_type=configure message=OK monitor=serial-monitor
2025-08-17 09:30:53 2025-08-17T16:30:53.497Z monitor-service INFO No port configuration changes have been detected. No need to send configure commands to the running monitor serial:/dev/ttyS0.
2025-08-17 09:30:54 2025-08-17T16:30:54.757Z monitor-service INFO No port configuration changes have been detected. No need to send configure commands to the running monitor serial:/dev/ttyS0.
2025-08-17 09:30:55 2025-08-17T16:30:55.733Z monitor-service INFO No port configuration changes have been detected. No need to send configure commands to the running monitor serial:/dev/ttyS0.
2025-08-17 09:32:07 2025-08-17T16:32:07.545Z discovery-log INFO {"eventType":"add","port":{"matchingBoardsList":[],"port":{"address":"/dev/ttyACM0","label":"/dev/ttyACM0","protocol":"serial","protocolLabel":"Serial Port (USB)","propertiesMap":[["pid","0x55d3"],["serialNumber","5A4E104763"],["vid","0x1a86"]],"hardwareId":"5A4E104763"}},"error":""}
2025-08-17 09:32:16 2025-08-17T16:32:16.019Z discovery-log INFO {"eventType":"remove","port":{"matchingBoardsList":[],"port":{"address":"/dev/ttyACM0","label":"","protocol":"serial","protocolLabel":"","propertiesMap":[],"hardwareId":""}},"error":""}
2025-08-17 09:32:16 2025-08-17T16:32:16.391Z discovery-log INFO {"eventType":"add","port":{"matchingBoardsList":[],"port":{"address":"/dev/ttyACM0","label":"/dev/ttyACM0","protocol":"serial","protocolLabel":"Serial Port (USB)","propertiesMap":[["pid","0x55d3"],["serialNumber","5A4E104763"],["vid","0x1a86"]],"hardwareId":"5A4E104763"}},"error":""}
2025-08-17 09:32:21 2025-08-17T16:32:21.045Z discovery-log INFO {"eventType":"remove","port":{"matchingBoardsList":[],"port":{"address":"/dev/ttyACM0","label":"","protocol":"serial","protocolLabel":"","propertiesMap":[],"hardwareId":""}},"error":""}
2025-08-17 09:32:31 2025-08-17T16:32:31.414Z discovery-log INFO {"eventType":"add","port":{"matchingBoardsList":[],"port":{"address":"/dev/ttyACM0","label":"/dev/ttyACM0","protocol":"serial","protocolLabel":"Serial Port (USB)","propertiesMap":[["pid","0x55d3"],["serialNumber","5A4E104763"],["vid","0x1a86"]],"hardwareId":"5A4E104763"}},"error":""}
2025-08-17 09:32:36 2025-08-17T16:32:36.544Z daemon INFO time="2025-08-17T09:32:36-07:00" level=info msg="sending command" command=CLOSE monitor=serial-monitor
2025-08-17 09:32:36 2025-08-17T16:32:36.545Z daemon INFO time="2025-08-17T09:32:36-07:00" level=info msg="received message" error=false event_type=close message=OK monitor=serial-monitor
time="2025-08-17T09:32:36-07:00" level=info msg="sending command" command=QUIT monitor=serial-monitor
2025-08-17 09:32:36 2025-08-17T16:32:36.545Z daemon INFO time="2025-08-17T09:32:36-07:00" level=info msg="received message" error=false event_type=quit message=OK monitor=serial-monitor
time="2025-08-17T09:32:36-07:00" level=info msg="Killing monitor process" monitor=serial-monitor
2025-08-17 09:32:36 2025-08-17T16:32:36.546Z daemon INFO time="2025-08-17T09:32:36-07:00" level=error msg="stopped decode loop: EOF" monitor=serial-monitor
time="2025-08-17T09:32:36-07:00" level=info msg="Monitor process killed" monitor=serial-monitor
2025-08-17 09:32:36 2025-08-17T16:32:36.548Z monitor-service INFO monitor to /dev/ttyS0 using serial closed by server
2025-08-17 09:32:36 2025-08-17T16:32:36.655Z daemon INFO time="2025-08-17T09:32:36-07:00" level=info msg="Starting monitor process" monitor=serial-monitor
2025-08-17 09:32:36 2025-08-17T16:32:36.656Z daemon INFO time="2025-08-17T09:32:36-07:00" level=info msg="Monitor process started successfully!" monitor=serial-monitor
2025-08-17 09:32:36 2025-08-17T16:32:36.656Z daemon INFO time="2025-08-17T09:32:36-07:00" level=info msg="sending command" command="HELLO 1 \"arduino-cli 1.2.0\"" monitor=serial-monitor
2025-08-17 09:32:36 2025-08-17T16:32:36.658Z daemon INFO time="2025-08-17T09:32:36-07:00" level=info msg="received message" error=false event_type=hello message=OK monitor=serial-monitor
time="2025-08-17T09:32:36-07:00" level=info msg="sending command" command=DESCRIBE monitor=serial-monitor
2025-08-17 09:32:36 2025-08-17T16:32:36.658Z daemon INFO time="2025-08-17T09:32:36-07:00" level=info msg="received message" error=false event_type=describe message=OK monitor=serial-monitor
2025-08-17 09:32:36 2025-08-17T16:32:36.658Z daemon INFO time="2025-08-17T09:32:36-07:00" level=info msg="sending command" command=QUIT monitor=serial-monitor
2025-08-17 09:32:36 2025-08-17T16:32:36.659Z daemon INFO time="2025-08-17T09:32:36-07:00" level=info msg="received message" error=false event_type=quit message=OK monitor=serial-monitor
2025-08-17 09:32:36 2025-08-17T16:32:36.659Z daemon INFO time="2025-08-17T09:32:36-07:00" level=info msg="Killing monitor process" monitor=serial-monitor
2025-08-17 09:32:36 2025-08-17T16:32:36.659Z daemon INFO time="2025-08-17T09:32:36-07:00" level=error msg="stopped decode loop: EOF" monitor=serial-monitor
2025-08-17 09:32:36 2025-08-17T16:32:36.659Z daemon INFO time="2025-08-17T09:32:36-07:00" level=info msg="Monitor process killed" monitor=serial-monitor
2025-08-17 09:32:36 2025-08-17T16:32:36.837Z monitor-service INFO starting monitor
2025-08-17 09:32:36 2025-08-17T16:32:36.839Z daemon INFO time="2025-08-17T09:32:36-07:00" level=info msg="Starting monitor process" monitor=serial-monitor
2025-08-17 09:32:36 2025-08-17T16:32:36.839Z daemon INFO time="2025-08-17T09:32:36-07:00" level=info msg="Monitor process started successfully!" monitor=serial-monitor
2025-08-17 09:32:36 2025-08-17T16:32:36.839Z daemon INFO time="2025-08-17T09:32:36-07:00" level=info msg="sending command" command="HELLO 1 \"arduino-cli 1.2.0\"" monitor=serial-monitor
2025-08-17 09:32:36 2025-08-17T16:32:36.842Z daemon INFO time="2025-08-17T09:32:36-07:00" level=info msg="received message" error=false event_type=hello message=OK monitor=serial-monitor
time="2025-08-17T09:32:36-07:00" level=info msg="sending command" command=DESCRIBE monitor=serial-monitor
2025-08-17 09:32:36 2025-08-17T16:32:36.842Z daemon INFO time="2025-08-17T09:32:36-07:00" level=info msg="received message" error=false event_type=describe message=OK monitor=serial-monitor
2025-08-17 09:32:36 2025-08-17T16:32:36.842Z daemon INFO time="2025-08-17T09:32:36-07:00" level=info msg="sending command" command=QUIT monitor=serial-monitor
time="2025-08-17T09:32:36-07:00" level=info msg="received message" error=false event_type=quit message=OK monitor=serial-monitor
2025-08-17 09:32:36 2025-08-17T16:32:36.842Z daemon INFO time="2025-08-17T09:32:36-07:00" level=info msg="Killing monitor process" monitor=serial-monitor
2025-08-17 09:32:36 2025-08-17T16:32:36.843Z daemon INFO time="2025-08-17T09:32:36-07:00" level=error msg="stopped decode loop: EOF" monitor=serial-monitor
2025-08-17 09:32:36 2025-08-17T16:32:36.843Z daemon INFO time="2025-08-17T09:32:36-07:00" level=info msg="Monitor process killed" monitor=serial-monitor
2025-08-17 09:32:36 2025-08-17T16:32:36.848Z daemon INFO time="2025-08-17T09:32:36-07:00" level=info msg="Starting monitor process" monitor=serial-monitor
2025-08-17 09:32:36 2025-08-17T16:32:36.848Z daemon INFO time="2025-08-17T09:32:36-07:00" level=info msg="Monitor process started successfully!" monitor=serial-monitor
time="2025-08-17T09:32:36-07:00" level=info msg="sending command" command="HELLO 1 \"arduino-cli 1.2.0\"" monitor=serial-monitor
2025-08-17 09:32:36 2025-08-17T16:32:36.852Z daemon INFO time="2025-08-17T09:32:36-07:00" level=info msg="received message" error=false event_type=hello message=OK monitor=serial-monitor
time="2025-08-17T09:32:36-07:00" level=info msg="sending command" command=DESCRIBE monitor=serial-monitor
2025-08-17 09:32:36 2025-08-17T16:32:36.852Z daemon INFO time="2025-08-17T09:32:36-07:00" level=info msg="received message" error=false event_type=describe message=OK monitor=serial-monitor
2025-08-17 09:32:36 2025-08-17T16:32:36.852Z daemon INFO time="2025-08-17T09:32:36-07:00" level=info msg="sending command" command="CONFIGURE baudrate 115200" monitor=serial-monitor
2025-08-17 09:32:36 2025-08-17T16:32:36.852Z daemon INFO time="2025-08-17T09:32:36-07:00" level=info msg="received message" error=false event_type=configure message=OK monitor=serial-monitor
time="2025-08-17T09:32:36-07:00" level=info msg="sending command" command="CONFIGURE bits 8" monitor=serial-monitor
2025-08-17 09:32:36 2025-08-17T16:32:36.852Z daemon INFO time="2025-08-17T09:32:36-07:00" level=info msg="received message" error=false event_type=configure message=OK monitor=serial-monitor
time="2025-08-17T09:32:36-07:00" level=info msg="sending command" command="CONFIGURE dtr on" monitor=serial-monitor
2025-08-17 09:32:36 2025-08-17T16:32:36.852Z daemon INFO time="2025-08-17T09:32:36-07:00" level=info msg="received message" error=false event_type=configure message=OK monitor=serial-monitor
time="2025-08-17T09:32:36-07:00" level=info msg="sending command" command="CONFIGURE parity none" monitor=serial-monitor
2025-08-17 09:32:36 2025-08-17T16:32:36.852Z daemon INFO time="2025-08-17T09:32:36-07:00" level=info msg="received message" error=false event_type=configure message=OK monitor=serial-monitor
time="2025-08-17T09:32:36-07:00" level=info msg="sending command" command="CONFIGURE rts on" monitor=serial-monitor
2025-08-17 09:32:36 2025-08-17T16:32:36.853Z daemon INFO time="2025-08-17T09:32:36-07:00" level=info msg="received message" error=false event_type=configure message=OK monitor=serial-monitor
2025-08-17 09:32:36 2025-08-17T16:32:36.853Z daemon INFO time="2025-08-17T09:32:36-07:00" level=info msg="sending command" command="CONFIGURE stop_bits 1" monitor=serial-monitor
2025-08-17 09:32:36 2025-08-17T16:32:36.853Z daemon INFO time="2025-08-17T09:32:36-07:00" level=info msg="received message" error=false event_type=configure message=OK monitor=serial-monitor
2025-08-17 09:32:36 2025-08-17T16:32:36.853Z daemon INFO time="2025-08-17T09:32:36-07:00" level=info msg="sending command" command="OPEN 127.0.0.1:42667 /dev/ttyACM0" monitor=serial-monitor
2025-08-17 09:32:36 2025-08-17T16:32:36.856Z daemon INFO time="2025-08-17T09:32:36-07:00" level=info msg="received message" error=false event_type=open message=OK monitor=serial-monitor
time="2025-08-17T09:32:36-07:00" level=info msg="Port /dev/ttyACM0 successfully opened"
2025-08-17 09:32:36 2025-08-17T16:32:36.857Z monitor-service INFO Using port configuration for serial:/dev/ttyACM0: {"settingsList":[{"settingId":"baudrate","value":"115200"},{"settingId":"bits","value":"8"},{"settingId":"dtr","value":"on"},{"settingId":"parity","value":"none"},{"settingId":"rts","value":"on"},{"settingId":"stop_bits","value":"1"}]}
2025-08-17 09:32:36 2025-08-17T16:32:36.857Z monitor-service INFO started monitor to /dev/ttyACM0 using serial
2025-08-17 09:32:36 2025-08-17T16:32:36.870Z monitor-service INFO No port configuration changes have been detected. No need to send configure commands to the running monitor serial:/dev/ttyACM0.
2025-08-17 09:32:36 2025-08-17T16:32:36.870Z monitor-service INFO No port configuration changes have been detected. No need to send configure commands to the running monitor serial:/dev/ttyACM0.
2025-08-17 09:33:31 2025-08-17T16:33:31.380Z daemon INFO time="2025-08-17T09:33:31-07:00" level=info msg="sending command" command=CLOSE monitor=serial-monitor
2025-08-17 09:33:31 2025-08-17T16:33:31.380Z daemon INFO time="2025-08-17T09:33:31-07:00" level=info msg="received message" error=true event_type=port_closed message="readfrom tcp 127.0.0.1:47582->127.0.0.1:42667: Port has been closed" monitor=serial-monitor
time="2025-08-17T09:33:31-07:00" level=info msg="monitor port has been closed externally" monitor=serial-monitor
time="2025-08-17T09:33:31-07:00" level=info msg="received message" error=true event_type=close message="port already closed" monitor=serial-monitor
time="2025-08-17T09:33:31-07:00" level=info msg="sending command" command=QUIT monitor=serial-monitor
2025-08-17 09:33:31 2025-08-17T16:33:31.381Z discovery-log INFO {"eventType":"remove","port":{"matchingBoardsList":[],"port":{"address":"/dev/ttyACM0","label":"","protocol":"serial","protocolLabel":"","propertiesMap":[],"hardwareId":""}},"error":""}
2025-08-17 09:33:31 2025-08-17T16:33:31.381Z daemon INFO time="2025-08-17T09:33:31-07:00" level=info msg="received message" error=false event_type=quit message=OK monitor=serial-monitor
time="2025-08-17T09:33:31-07:00" level=info msg="Killing monitor process" monitor=serial-monitor
time="2025-08-17T09:33:31-07:00" level=error msg="stopped decode loop: EOF" monitor=serial-monitor
time="2025-08-17T09:33:31-07:00" level=info msg="Monitor process killed" monitor=serial-monitor
2025-08-17 09:33:31 2025-08-17T16:33:31.382Z monitor-service INFO monitor to /dev/ttyACM0 using serial closed by server
